--------------------------------------------------------------------------------
Release 14.7 Trace  (lin64)
Copyright (c) 1995-2013 Xilinx, Inc.  All rights reserved.

/opt/Xilinx/14.7/ISE_DS/ISE/bin/lin64/unwrapped/trce -intstyle ise -v 3 -s 5 -n
3 -fastpaths -xml dk_16led_sd_au_2ct.twx dk_16led_sd_au_2ct.ncd -o
dk_16led_sd_au_2ct.twr dk_16led_sd_au_2ct.pcf -ucf KIT_XC3S500E_PQ208 .ucf

Design file:              dk_16led_sd_au_2ct.ncd
Physical constraint file: dk_16led_sd_au_2ct.pcf
Device,package,speed:     xc3s500e,pq208,-5 (PRODUCTION 1.27 2013-10-13)
Report level:             verbose report

Environment Variable      Effect 
--------------------      ------ 
NONE                      No environment variables were set
--------------------------------------------------------------------------------

INFO:Timing:2698 - No timing constraints found, doing default enumeration.
INFO:Timing:3412 - To improve timing, see the Timing Closure User Guide (UG612).
INFO:Timing:2752 - To get complete path coverage, use the unconstrained paths 
   option. All paths that are not constrained will be reported in the 
   unconstrained paths section(s) of the report.
INFO:Timing:3339 - The clock-to-out numbers in this timing report are based on 
   a 50 Ohm transmission line loading model.  For the details of this model, 
   and for more information on accounting for different loading conditions, 
   please see the device datasheet.
INFO:Timing:3390 - This architecture does not support a default System Jitter 
   value, please add SYSTEM_JITTER constraint to the UCF to modify the Clock 
   Uncertainty calculation.
INFO:Timing:3389 - This architecture does not support 'Discrete Jitter' and 
   'Phase Error' calculations, these terms will be zero in the Clock 
   Uncertainty calculation.  Please make appropriate modification to 
   SYSTEM_JITTER to account for the unsupported Discrete Jitter and Phase 
   Error.



Data Sheet report:
-----------------
All values displayed in nanoseconds (ns)

Setup/Hold to clock ckht
------------+------------+------------+------------------+--------+
            |Max Setup to|Max Hold to |                  | Clock  |
Source      | clk (edge) | clk (edge) |Internal Clock(s) | Phase  |
------------+------------+------------+------------------+--------+
btn0        |    8.099(F)|   -2.772(F)|ckht_BUFGP        |   0.000|
------------+------------+------------+------------------+--------+

Clock ckht to Pad
------------+------------+------------------+--------+
            | clk (edge) |                  | Clock  |
Destination |   to PAD   |Internal Clock(s) | Phase  |
------------+------------+------------------+--------+
led<0>      |   12.600(F)|ckht_BUFGP        |   0.000|
led<1>      |   13.369(F)|ckht_BUFGP        |   0.000|
led<2>      |   13.267(F)|ckht_BUFGP        |   0.000|
led<3>      |   13.034(F)|ckht_BUFGP        |   0.000|
led<4>      |   12.565(F)|ckht_BUFGP        |   0.000|
led<5>      |   12.729(F)|ckht_BUFGP        |   0.000|
led<6>      |   12.799(F)|ckht_BUFGP        |   0.000|
led<7>      |   12.495(F)|ckht_BUFGP        |   0.000|
led<8>      |   13.377(F)|ckht_BUFGP        |   0.000|
led<9>      |   12.779(F)|ckht_BUFGP        |   0.000|
led<10>     |   14.573(F)|ckht_BUFGP        |   0.000|
led<11>     |   14.615(F)|ckht_BUFGP        |   0.000|
led<12>     |   14.598(F)|ckht_BUFGP        |   0.000|
led<13>     |   14.676(F)|ckht_BUFGP        |   0.000|
led<14>     |   14.856(F)|ckht_BUFGP        |   0.000|
led<15>     |   14.495(F)|ckht_BUFGP        |   0.000|
------------+------------+------------------+--------+

Clock to Setup on destination clock ckht
---------------+---------+---------+---------+---------+
               | Src:Rise| Src:Fall| Src:Rise| Src:Fall|
Source Clock   |Dest:Rise|Dest:Rise|Dest:Fall|Dest:Fall|
---------------+---------+---------+---------+---------+
ckht           |         |         |         |    6.625|
---------------+---------+---------+---------+---------+

Pad to Pad
---------------+---------------+---------+
Source Pad     |Destination Pad|  Delay  |
---------------+---------------+---------+
btn0           |led<0>         |   13.647|
btn0           |led<1>         |   13.998|
btn0           |led<2>         |   14.314|
btn0           |led<3>         |   14.081|
btn0           |led<4>         |   13.504|
btn0           |led<5>         |   13.777|
btn0           |led<6>         |   13.374|
btn0           |led<7>         |   13.545|
btn0           |led<8>         |   14.437|
btn0           |led<9>         |   13.351|
btn0           |led<10>        |   15.100|
btn0           |led<11>        |   15.436|
btn0           |led<12>        |   14.410|
btn0           |led<13>        |   14.488|
btn0           |led<14>        |   15.612|
btn0           |led<15>        |   15.425|
---------------+---------------+---------+


Analysis completed Mon Mar 27 00:20:52 2023 
--------------------------------------------------------------------------------

Trace Settings:
-------------------------
Trace Settings 

Peak Memory Usage: 349 MB



