EN hextobcd_gpg NULL C:/.Xilinx/BAI_618_DONG_HO_GPG_3KEY_NN/HEXTOBCD_GPG.vhd sub00/vhpl18 1680936581
AR dem_gpg_mud behavioral C:/.Xilinx/BAI_618_DONG_HO_GPG_3KEY_NN/DEM_GPG_MUD.vhd sub00/vhpl13 1680936576
EN dem_2bit NULL C:/.Xilinx/BAI_618_DONG_HO_GPG_3KEY_NN/DEM_2BIT.vhd sub00/vhpl04 1680936567
AR dong_ho_gpg_3key_nn behavioral C:/.Xilinx/BAI_618_DONG_HO_GPG_3KEY_NN/DONG_HO_GPG_3KEY_NN.vhd sub00/vhpl25 1680936588
EN hextobcd_6bit NULL C:/.Xilinx/BAI_618_DONG_HO_GPG_3KEY_NN/HEXTOBCD_6BIT.vhd sub00/vhpl06 1680936569
AR debounce_btn behavioral C:/.Xilinx/BAI_618_DONG_HO_GPG_3KEY_NN/DEBOUNCE_BTN.vhd sub00/vhpl01 1680936564
AR chia_10ena behavioral C:/.Xilinx/BAI_618_DONG_HO_GPG_3KEY_NN/CHIA_10ENA.vhd sub00/vhpl15 1680936578
AR lam_hep_xung behavioral C:/.Xilinx/BAI_618_DONG_HO_GPG_3KEY_NN/LAM_HEP_XUNG.vhd sub00/vhpl03 1680936566
AR reset_gt_mod behavioral C:/.Xilinx/BAI_618_DONG_HO_GPG_3KEY_NN/RESET_GT_MOD.vhd sub00/vhpl11 1680936574
EN debounce_btn NULL C:/.Xilinx/BAI_618_DONG_HO_GPG_3KEY_NN/DEBOUNCE_BTN.vhd sub00/vhpl00 1680936563
EN dem_gpg_mud NULL C:/.Xilinx/BAI_618_DONG_HO_GPG_3KEY_NN/DEM_GPG_MUD.vhd sub00/vhpl12 1680936575
AR lcd_khoitao_hienthi behavioral C:/.Xilinx/BAI_618_DONG_HO_GPG_3KEY_NN/LCD_KHOITAO_HIENTHI.vhd sub00/vhpl23 1680936586
EN dem_gpg_3key_nn NULL C:/.Xilinx/BAI_618_DONG_HO_GPG_3KEY_NN/DEM_GPG_3KEY_NN.vhd sub00/vhpl16 1680936579
AR xuly_mod behavioral C:/.Xilinx/BAI_618_DONG_HO_GPG_3KEY_NN/XULY_MOD.vhd sub00/vhpl09 1680936572
EN reset_gt_mod NULL C:/.Xilinx/BAI_618_DONG_HO_GPG_3KEY_NN/RESET_GT_MOD.vhd sub00/vhpl10 1680936573
EN dong_ho_gpg_3key_nn NULL C:/.Xilinx/BAI_618_DONG_HO_GPG_3KEY_NN/DONG_HO_GPG_3KEY_NN.vhd sub00/vhpl24 1680936587
EN lcd_gan_dulieu_gpg_nn NULL C:/.Xilinx/BAI_618_DONG_HO_GPG_3KEY_NN/LCD_GAN_DULIEU_GPG_NN.vhd sub00/vhpl20 1680936583
EN lcd_khoitao_hienthi NULL C:/.Xilinx/BAI_618_DONG_HO_GPG_3KEY_NN/LCD_KHOITAO_HIENTHI.vhd sub00/vhpl22 1680936585
AR hextobcd_gpg behavioral C:/.Xilinx/BAI_618_DONG_HO_GPG_3KEY_NN/HEXTOBCD_GPG.vhd sub00/vhpl19 1680936582
AR lcd_gan_dulieu_gpg_nn behavioral C:/.Xilinx/BAI_618_DONG_HO_GPG_3KEY_NN/LCD_GAN_DULIEU_GPG_NN.vhd sub00/vhpl21 1680936584
EN lam_hep_xung NULL C:/.Xilinx/BAI_618_DONG_HO_GPG_3KEY_NN/LAM_HEP_XUNG.vhd sub00/vhpl02 1680936565
EN xuly_mod NULL C:/.Xilinx/BAI_618_DONG_HO_GPG_3KEY_NN/XULY_MOD.vhd sub00/vhpl08 1680936571
AR dem_gpg_3key_nn behavioral C:/.Xilinx/BAI_618_DONG_HO_GPG_3KEY_NN/DEM_GPG_3KEY_NN.vhd sub00/vhpl17 1680936580
AR hextobcd_6bit behavioral C:/.Xilinx/BAI_618_DONG_HO_GPG_3KEY_NN/HEXTOBCD_6BIT.vhd sub00/vhpl07 1680936570
AR dem_2bit behavioral C:/.Xilinx/BAI_618_DONG_HO_GPG_3KEY_NN/DEM_2BIT.vhd sub00/vhpl05 1680936568
EN chia_10ena NULL C:/.Xilinx/BAI_618_DONG_HO_GPG_3KEY_NN/CHIA_10ENA.vhd sub00/vhpl14 1680936577
