EN hextobcd_gpg NULL /home/ise/BT_ISE_XILINX/BAI_543_DONG_HO_GPG_3KEY_NN/HEXTOBCD_GPG.vhd sub00/vhpl32 1681738145
AR dem_gpg_mud behavioral /home/ise/BT_ISE_XILINX/BAI_543_DONG_HO_GPG_3KEY_NN/DEM_GPG_MUD.vhd sub00/vhpl27 1681738140
EN dem_2bit NULL /home/ise/BT_ISE_XILINX/BAI_543_DONG_HO_GPG_3KEY_NN/DEM_2BIT.vhd sub00/vhpl08 1681738119
EN dem_mod_20_nn NULL /home/ise/BT_ISE_XILINX/BAI_543_DONG_HO_GPG_3KEY_NN/DEM_MOD_20_NN.vhd sub00/vhpl00 1681738125
AR dong_ho_gpg_3key_nn behavioral /home/ise/BT_ISE_XILINX/BAI_543_DONG_HO_GPG_3KEY_NN/BAI_543_DONG_HO_GPG_3KEY_NN.vhd sub00/vhpl39 1681738150
EN hextobcd_6bit NULL /home/ise/BT_ISE_XILINX/BAI_543_DONG_HO_GPG_3KEY_NN/HEXTOBCD_6BIT.vhd sub00/vhpl22 1681738135
AR dau_cham behavioral /home/ise/BT_ISE_XILINX/BAI_543_DONG_HO_GPG_3KEY_NN/DAU_CHAM.vhd sub00/vhpl13 1681738124
AR debounce_btn behavioral /home/ise/BT_ISE_XILINX/BAI_543_DONG_HO_GPG_3KEY_NN/DEBOUNCE_BTN.vhd sub00/vhpl03 1681738114
AR chia_10ena behavioral /home/ise/BT_ISE_XILINX/BAI_543_DONG_HO_GPG_3KEY_NN/CHIA_10ENA.vhd sub00/vhpl29 1681738142
AR lam_hep_xung behavioral /home/ise/BT_ISE_XILINX/BAI_543_DONG_HO_GPG_3KEY_NN/LAM_HEP_XUNG.vhd sub00/vhpl06 1681738116
AR dem_3bit behavioral /home/ise/BT_ISE_XILINX/BAI_543_DONG_HO_GPG_3KEY_NN/DEM_3BIT.vhd sub00/vhpl15 1681738128
EN giaima_38h NULL /home/ise/BT_ISE_XILINX/BAI_543_DONG_HO_GPG_3KEY_NN/GIAIMA_38H.vhd sub00/vhpl18 1681738131
EN debounce_btn NULL /home/ise/BT_ISE_XILINX/BAI_543_DONG_HO_GPG_3KEY_NN/DEBOUNCE_BTN.vhd sub00/vhpl02 1681738113
AR giaima_38h behavioral /home/ise/BT_ISE_XILINX/BAI_543_DONG_HO_GPG_3KEY_NN/GIAIMA_38H.vhd sub00/vhpl19 1681738132
EN dem_gpg_mud NULL /home/ise/BT_ISE_XILINX/BAI_543_DONG_HO_GPG_3KEY_NN/DEM_GPG_MUD.vhd sub00/vhpl26 1681738139
EN dem_gpg_3key_nn NULL /home/ise/BT_ISE_XILINX/BAI_543_DONG_HO_GPG_3KEY_NN/DEM_GPG_3KEY_NN.vhd sub00/vhpl30 1681738143
AR gm_ht_8led behavioral /home/ise/BT_ISE_XILINX/BAI_543_DONG_HO_GPG_3KEY_NN/GM_HT_8LED.vhd sub00/vhpl35 1681738148
EN bai_543_dong_ho_gpg_3key_nn NULL C:/.Xilinx/BAI_543_DONG_HO_GPG_3KEY_NN/BAI_543_DONG_HO_GPG_3KEY_NN.vhd sub00/vhpl36 1680141029
AR giaima_7doan_ena behavioral /home/ise/BT_ISE_XILINX/BAI_543_DONG_HO_GPG_3KEY_NN/GIAIMA_7DOAN_ENA.vhd sub00/vhpl21 1681738134
EN dong_ho_gpg_3key_nn NULL /home/ise/BT_ISE_XILINX/BAI_543_DONG_HO_GPG_3KEY_NN/BAI_543_DONG_HO_GPG_3KEY_NN.vhd sub00/vhpl38 1681738149
AR hextobcd_gpg behavioral /home/ise/BT_ISE_XILINX/BAI_543_DONG_HO_GPG_3KEY_NN/HEXTOBCD_GPG.vhd sub00/vhpl33 1681738146
AR cd_lam_hep_btn behavioral /home/ise/BT_ISE_XILINX/BAI_543_DONG_HO_GPG_3KEY_NN/CD_LAM_HEP_BTN.vhd sub00/vhpl07 1681738118
EN gm_ht_8led NULL /home/ise/BT_ISE_XILINX/BAI_543_DONG_HO_GPG_3KEY_NN/GM_HT_8LED.vhd sub00/vhpl34 1681738147
AR dem_2bit_btn behavioral /home/ise/BT_ISE_XILINX/BAI_543_DONG_HO_GPG_3KEY_NN/DEM_2BIT_BTN.vhd sub00/vhpl11 1681738122
EN dahop_8kenh NULL /home/ise/BT_ISE_XILINX/BAI_543_DONG_HO_GPG_3KEY_NN/DAHOP_8KENH.vhd sub00/vhpl16 1681738129
EN giaima_7doan_ena NULL /home/ise/BT_ISE_XILINX/BAI_543_DONG_HO_GPG_3KEY_NN/GIAIMA_7DOAN_ENA.vhd sub00/vhpl20 1681738133
EN dem_3bit NULL /home/ise/BT_ISE_XILINX/BAI_543_DONG_HO_GPG_3KEY_NN/DEM_3BIT.vhd sub00/vhpl14 1681738127
AR bai_543_dong_ho_gpg_3key_nn behavioral C:/.Xilinx/BAI_543_DONG_HO_GPG_3KEY_NN/BAI_543_DONG_HO_GPG_3KEY_NN.vhd sub00/vhpl37 1680141030
AR xuly_mod_dc_nn behavioral /home/ise/BT_ISE_XILINX/BAI_543_DONG_HO_GPG_3KEY_NN/XULY_MOD_DC_NN.vhd sub00/vhpl25 1681738138
EN lam_hep_xung NULL /home/ise/BT_ISE_XILINX/BAI_543_DONG_HO_GPG_3KEY_NN/LAM_HEP_XUNG.vhd sub00/vhpl05 1681738115
AR dem_mod_20_nn behavioral /home/ise/BT_ISE_XILINX/BAI_543_DONG_HO_GPG_3KEY_NN/DEM_MOD_20_NN.vhd sub00/vhpl01 1681738126
AR dahop_8kenh behavioral /home/ise/BT_ISE_XILINX/BAI_543_DONG_HO_GPG_3KEY_NN/DAHOP_8KENH.vhd sub00/vhpl17 1681738130
AR dem_gpg_3key_nn behavioral /home/ise/BT_ISE_XILINX/BAI_543_DONG_HO_GPG_3KEY_NN/DEM_GPG_3KEY_NN.vhd sub00/vhpl31 1681738144
AR hextobcd_6bit behavioral /home/ise/BT_ISE_XILINX/BAI_543_DONG_HO_GPG_3KEY_NN/HEXTOBCD_6BIT.vhd sub00/vhpl23 1681738136
AR dem_2bit behavioral /home/ise/BT_ISE_XILINX/BAI_543_DONG_HO_GPG_3KEY_NN/DEM_2BIT.vhd sub00/vhpl09 1681738120
EN chia_10ena NULL /home/ise/BT_ISE_XILINX/BAI_543_DONG_HO_GPG_3KEY_NN/CHIA_10ENA.vhd sub00/vhpl28 1681738141
EN xuly_mod_dc_nn NULL /home/ise/BT_ISE_XILINX/BAI_543_DONG_HO_GPG_3KEY_NN/XULY_MOD_DC_NN.vhd sub00/vhpl24 1681738137
EN cd_lam_hep_btn NULL /home/ise/BT_ISE_XILINX/BAI_543_DONG_HO_GPG_3KEY_NN/CD_LAM_HEP_BTN.vhd sub00/vhpl04 1681738117
EN dem_2bit_btn NULL /home/ise/BT_ISE_XILINX/BAI_543_DONG_HO_GPG_3KEY_NN/DEM_2BIT_BTN.vhd sub00/vhpl10 1681738121
EN dau_cham NULL /home/ise/BT_ISE_XILINX/BAI_543_DONG_HO_GPG_3KEY_NN/DAU_CHAM.vhd sub00/vhpl12 1681738123
