Release 14.7 - xst P.20131013 (nt64)
Copyright (c) 1995-2013 Xilinx, Inc.  All rights reserved.
--> Parameter TMPDIR set to xst/projnav.tmp


Total REAL time to Xst completion: 0.00 secs
Total CPU time to Xst completion: 0.24 secs
 
--> Parameter xsthdpdir set to xst


Total REAL time to Xst completion: 0.00 secs
Total CPU time to Xst completion: 0.25 secs
 
--> Reading design: DO_ND_DS18B20_CGH_SSND_2BTN.prj

TABLE OF CONTENTS
  1) Synthesis Options Summary
  2) HDL Compilation
  3) Design Hierarchy Analysis
  4) HDL Analysis
  5) HDL Synthesis
     5.1) HDL Synthesis Report
  6) Advanced HDL Synthesis
     6.1) Advanced HDL Synthesis Report
  7) Low Level Synthesis
  8) Partition Report
  9) Final Report
	9.1) Device utilization summary
	9.2) Partition Resource Summary
	9.3) TIMING REPORT


=========================================================================
*                      Synthesis Options Summary                        *
=========================================================================
---- Source Parameters
Input File Name                    : "DO_ND_DS18B20_CGH_SSND_2BTN.prj"
Input Format                       : mixed
Ignore Synthesis Constraint File   : NO

---- Target Parameters
Output File Name                   : "DO_ND_DS18B20_CGH_SSND_2BTN"
Output Format                      : NGC
Target Device                      : xc3s500e-5-pq208

---- Source Options
Top Module Name                    : DO_ND_DS18B20_CGH_SSND_2BTN
Automatic FSM Extraction           : YES
FSM Encoding Algorithm             : Auto
Safe Implementation                : No
FSM Style                          : LUT
RAM Extraction                     : Yes
RAM Style                          : Auto
ROM Extraction                     : Yes
Mux Style                          : Auto
Decoder Extraction                 : YES
Priority Encoder Extraction        : Yes
Shift Register Extraction          : YES
Logical Shifter Extraction         : YES
XOR Collapsing                     : YES
ROM Style                          : Auto
Mux Extraction                     : Yes
Resource Sharing                   : YES
Asynchronous To Synchronous        : NO
Multiplier Style                   : Auto
Automatic Register Balancing       : No

---- Target Options
Add IO Buffers                     : YES
Global Maximum Fanout              : 100000
Add Generic Clock Buffer(BUFG)     : 24
Register Duplication               : YES
Slice Packing                      : YES
Optimize Instantiated Primitives   : NO
Use Clock Enable                   : Yes
Use Synchronous Set                : Yes
Use Synchronous Reset              : Yes
Pack IO Registers into IOBs        : Auto
Equivalent register Removal        : YES

---- General Options
Optimization Goal                  : Speed
Optimization Effort                : 1
Keep Hierarchy                     : No
Netlist Hierarchy                  : As_Optimized
RTL Output                         : Yes
Global Optimization                : AllClockNets
Read Cores                         : YES
Write Timing Constraints           : NO
Cross Clock Analysis               : NO
Hierarchy Separator                : /
Bus Delimiter                      : <>
Case Specifier                     : Maintain
Slice Utilization Ratio            : 100
BRAM Utilization Ratio             : 100
Verilog 2001                       : YES
Auto BRAM Packing                  : NO
Slice Utilization Ratio Delta      : 5

=========================================================================


=========================================================================
*                          HDL Compilation                              *
=========================================================================
Compiling vhdl file "C:/.Xilinx/BAI_554_DO_ND_DS18B20_CGH_SSND_2BTN/DEBOUNCE_BTN.vhd" in Library work.
Architecture behavioral of Entity debounce_btn is up to date.
Compiling vhdl file "C:/.Xilinx/BAI_554_DO_ND_DS18B20_CGH_SSND_2BTN/LAM_HEP_XUNG.vhd" in Library work.
Architecture behavioral of Entity lam_hep_xung is up to date.
Compiling vhdl file "C:/.Xilinx/BAI_554_DO_ND_DS18B20_CGH_SSND_2BTN/DEM_3BIT.vhd" in Library work.
Architecture behavioral of Entity dem_3bit is up to date.
Compiling vhdl file "C:/.Xilinx/BAI_554_DO_ND_DS18B20_CGH_SSND_2BTN/DAHOP_8KENH.vhd" in Library work.
Architecture behavioral of Entity dahop_8kenh is up to date.
Compiling vhdl file "C:/.Xilinx/BAI_554_DO_ND_DS18B20_CGH_SSND_2BTN/GIAIMA_38H.vhd" in Library work.
Architecture behavioral of Entity giaima_38h is up to date.
Compiling vhdl file "C:/.Xilinx/BAI_554_DO_ND_DS18B20_CGH_SSND_2BTN/GIAIMA_7DOAN_ENA.vhd" in Library work.
Architecture behavioral of Entity giaima_7doan_ena is up to date.
Compiling vhdl file "C:/.Xilinx/BAI_554_DO_ND_DS18B20_CGH_SSND_2BTN/CD_LAM_HEP_BTN.vhd" in Library work.
Architecture behavioral of Entity cd_lam_hep_btn is up to date.
Compiling vhdl file "C:/.Xilinx/BAI_554_DO_ND_DS18B20_CGH_SSND_2BTN/DEM_NP_6BIT_UD.vhd" in Library work.
Architecture behavioral of Entity dem_np_6bit_ud is up to date.
Compiling vhdl file "C:/.Xilinx/BAI_554_DO_ND_DS18B20_CGH_SSND_2BTN/HEXTOBCD_6BIT.vhd" in Library work.
Architecture behavioral of Entity hextobcd_6bit is up to date.
Compiling vhdl file "C:/.Xilinx/BAI_554_DO_ND_DS18B20_CGH_SSND_2BTN/CHIA_10ENA.vhd" in Library work.
Architecture behavioral of Entity chia_10ena is up to date.
Compiling vhdl file "C:/.Xilinx/BAI_554_DO_ND_DS18B20_CGH_SSND_2BTN/DEM_NP_6BIT_UD_2BTN.vhd" in Library work.
Architecture behavioral of Entity dem_np_6bit_ud_2btn is up to date.
Compiling vhdl file "C:/.Xilinx/BAI_554_DO_ND_DS18B20_CGH_SSND_2BTN/ds18b20_control.vhd" in Library work.
Architecture behavioral of Entity ds18b20_control is up to date.
Compiling vhdl file "C:/.Xilinx/BAI_554_DO_ND_DS18B20_CGH_SSND_2BTN/HEXTOBCD_8BIT.vhd" in Library work.
Architecture behavioral of Entity hextobcd_8bit is up to date.
Compiling vhdl file "C:/.Xilinx/BAI_554_DO_ND_DS18B20_CGH_SSND_2BTN/GM_HT_8LED.vhd" in Library work.
Architecture behavioral of Entity gm_ht_8led is up to date.
Compiling vhdl file "C:/.Xilinx/BAI_554_DO_ND_DS18B20_CGH_SSND_2BTN/DO_ND_DS18B20_CGH_SSND_2BTN.vhd" in Library work.
Architecture behavioral of Entity do_nd_ds18b20_cgh_ssnd_2btn is up to date.

=========================================================================
*                     Design Hierarchy Analysis                         *
=========================================================================
Analyzing hierarchy for entity <DO_ND_DS18B20_CGH_SSND_2BTN> in library <work> (architecture <behavioral>).

Analyzing hierarchy for entity <HEXTOBCD_6BIT> in library <work> (architecture <Behavioral>).

Analyzing hierarchy for entity <CHIA_10ENA> in library <work> (architecture <Behavioral>).

Analyzing hierarchy for entity <DEM_NP_6BIT_UD_2BTN> in library <work> (architecture <Behavioral>).

Analyzing hierarchy for entity <DS18B20_CONTROL> in library <work> (architecture <Behavioral>).

Analyzing hierarchy for entity <HEXTOBCD_8BIT> in library <work> (architecture <Behavioral>).

Analyzing hierarchy for entity <GM_HT_8LED> in library <work> (architecture <Behavioral>).

Analyzing hierarchy for entity <CD_LAM_HEP_BTN> in library <work> (architecture <Behavioral>).

Analyzing hierarchy for entity <DEM_NP_6BIT_UD> in library <work> (architecture <Behavioral>).

Analyzing hierarchy for entity <DEM_3BIT> in library <work> (architecture <Behavioral>).

Analyzing hierarchy for entity <DAHOP_8KENH> in library <work> (architecture <Behavioral>).

Analyzing hierarchy for entity <GIAIMA_38H> in library <work> (architecture <Behavioral>).

Analyzing hierarchy for entity <GIAIMA_7DOAN_ENA> in library <work> (architecture <Behavioral>).

Analyzing hierarchy for entity <DEBOUNCE_BTN> in library <work> (architecture <Behavioral>).

Analyzing hierarchy for entity <LAM_HEP_XUNG> in library <work> (architecture <Behavioral>).


=========================================================================
*                            HDL Analysis                               *
=========================================================================
Analyzing Entity <DO_ND_DS18B20_CGH_SSND_2BTN> in library <work> (Architecture <behavioral>).
Entity <DO_ND_DS18B20_CGH_SSND_2BTN> analyzed. Unit <DO_ND_DS18B20_CGH_SSND_2BTN> generated.

Analyzing Entity <HEXTOBCD_6BIT> in library <work> (Architecture <Behavioral>).
Entity <HEXTOBCD_6BIT> analyzed. Unit <HEXTOBCD_6BIT> generated.

Analyzing Entity <CHIA_10ENA> in library <work> (Architecture <Behavioral>).
Entity <CHIA_10ENA> analyzed. Unit <CHIA_10ENA> generated.

Analyzing Entity <DEM_NP_6BIT_UD_2BTN> in library <work> (Architecture <Behavioral>).
Entity <DEM_NP_6BIT_UD_2BTN> analyzed. Unit <DEM_NP_6BIT_UD_2BTN> generated.

Analyzing Entity <CD_LAM_HEP_BTN> in library <work> (Architecture <Behavioral>).
Entity <CD_LAM_HEP_BTN> analyzed. Unit <CD_LAM_HEP_BTN> generated.

Analyzing Entity <DEBOUNCE_BTN> in library <work> (Architecture <Behavioral>).
Entity <DEBOUNCE_BTN> analyzed. Unit <DEBOUNCE_BTN> generated.

Analyzing Entity <LAM_HEP_XUNG> in library <work> (Architecture <Behavioral>).
Entity <LAM_HEP_XUNG> analyzed. Unit <LAM_HEP_XUNG> generated.

Analyzing Entity <DEM_NP_6BIT_UD> in library <work> (Architecture <Behavioral>).
Entity <DEM_NP_6BIT_UD> analyzed. Unit <DEM_NP_6BIT_UD> generated.

Analyzing Entity <DS18B20_CONTROL> in library <work> (Architecture <Behavioral>).
INFO:Xst:2679 - Register <DS_OUT> in unit <DS18B20_CONTROL> has a constant value of 0 during circuit operation. The register is replaced by logic.
Entity <DS18B20_CONTROL> analyzed. Unit <DS18B20_CONTROL> generated.

Analyzing Entity <HEXTOBCD_8BIT> in library <work> (Architecture <Behavioral>).
Entity <HEXTOBCD_8BIT> analyzed. Unit <HEXTOBCD_8BIT> generated.

Analyzing Entity <GM_HT_8LED> in library <work> (Architecture <Behavioral>).
Entity <GM_HT_8LED> analyzed. Unit <GM_HT_8LED> generated.

Analyzing Entity <DEM_3BIT> in library <work> (Architecture <Behavioral>).
Entity <DEM_3BIT> analyzed. Unit <DEM_3BIT> generated.

Analyzing Entity <DAHOP_8KENH> in library <work> (Architecture <Behavioral>).
Entity <DAHOP_8KENH> analyzed. Unit <DAHOP_8KENH> generated.

Analyzing Entity <GIAIMA_38H> in library <work> (Architecture <Behavioral>).
Entity <GIAIMA_38H> analyzed. Unit <GIAIMA_38H> generated.

Analyzing Entity <GIAIMA_7DOAN_ENA> in library <work> (Architecture <Behavioral>).
Entity <GIAIMA_7DOAN_ENA> analyzed. Unit <GIAIMA_7DOAN_ENA> generated.


=========================================================================
*                           HDL Synthesis                               *
=========================================================================

Performing bidirectional port resolution...

Synthesizing Unit <HEXTOBCD_6BIT>.
    Related source file is "C:/.Xilinx/BAI_554_DO_ND_DS18B20_CGH_SSND_2BTN/HEXTOBCD_6BIT.vhd".
    Found 4-bit comparator greatequal for signal <BCD_HEX_9$cmp_ge0000> created at line 44.
    Found 4-bit comparator greatequal for signal <BCD_HEX_9$cmp_ge0001> created at line 44.
    Found 4-bit comparator greatequal for signal <BCD_HEX_9$cmp_ge0002> created at line 44.
    Found 4-bit adder for signal <BCD_HEX_9_6$add0000> created at line 45.
    Found 4-bit adder for signal <BCD_HEX_9_6$add0001> created at line 45.
    Found 4-bit adder for signal <BCD_HEX_9_6$add0002> created at line 45.
    Summary:
	inferred   3 Adder/Subtractor(s).
	inferred   3 Comparator(s).
Unit <HEXTOBCD_6BIT> synthesized.


Synthesizing Unit <CHIA_10ENA>.
    Related source file is "C:/.Xilinx/BAI_554_DO_ND_DS18B20_CGH_SSND_2BTN/CHIA_10ENA.vhd".
    Found 16-bit adder for signal <D1KHZ_N$addsub0000> created at line 104.
    Found 16-bit register for signal <D1KHZ_R>.
    Summary:
	inferred  16 D-type flip-flop(s).
	inferred   1 Adder/Subtractor(s).
Unit <CHIA_10ENA> synthesized.


Synthesizing Unit <DS18B20_CONTROL>.
    Related source file is "C:/.Xilinx/BAI_554_DO_ND_DS18B20_CGH_SSND_2BTN/ds18b20_control.vhd".
    Found finite state machine <FSM_0> for signal <STATE>.
    -----------------------------------------------------------------------
    | States             | 10                                             |
    | Transitions        | 53                                             |
    | Inputs             | 28                                             |
    | Outputs            | 13                                             |
    | Clock              | CKHT                      (rising_edge)        |
    | Reset              | RST                       (positive)           |
    | Reset type         | asynchronous                                   |
    | Reset State        | reset                                          |
    | Power Up State     | reset                                          |
    | Encoding           | automatic                                      |
    | Implementation     | LUT                                            |
    -----------------------------------------------------------------------
    Found finite state machine <FSM_1> for signal <TT>.
    -----------------------------------------------------------------------
    | States             | 4                                              |
    | Transitions        | 4                                              |
    | Inputs             | 0                                              |
    | Outputs            | 4                                              |
    | Clock              | CKHT                      (rising_edge)        |
    | Clock enable       | TT$not0000                (positive)           |
    | Reset              | RST                       (positive)           |
    | Reset type         | asynchronous                                   |
    | Reset State        | 000                                            |
    | Power Up State     | 000                                            |
    | Encoding           | automatic                                      |
    | Implementation     | LUT                                            |
    -----------------------------------------------------------------------
    Found finite state machine <FSM_2> for signal <TT_RST>.
    -----------------------------------------------------------------------
    | States             | 4                                              |
    | Transitions        | 7                                              |
    | Inputs             | 3                                              |
    | Outputs            | 4                                              |
    | Clock              | CKHT                      (rising_edge)        |
    | Clock enable       | TT_RST$and0000            (positive)           |
    | Power Up State     | 00                                             |
    | Encoding           | automatic                                      |
    | Implementation     | LUT                                            |
    -----------------------------------------------------------------------
    Found finite state machine <FSM_3> for signal <TT_RD_B>.
    -----------------------------------------------------------------------
    | States             | 4                                              |
    | Transitions        | 8                                              |
    | Inputs             | 3                                              |
    | Outputs            | 4                                              |
    | Clock              | CKHT                      (rising_edge)        |
    | Clock enable       | STATE$cmp_eq0027          (positive)           |
    | Reset              | RST                       (positive)           |
    | Reset type         | asynchronous                                   |
    | Reset State        | 00                                             |
    | Power Up State     | 00                                             |
    | Encoding           | automatic                                      |
    | Implementation     | LUT                                            |
    -----------------------------------------------------------------------
    Found 1-bit tristate buffer for signal <DS18B20>.
    Found 1-bit register for signal <DS_PRE>.
    Found 8-bit register for signal <DLG>.
    Found 1-bit 8-to-1 multiplexer for signal <DLG$mux0000> created at line 129.
    Found 12-bit register for signal <DLN>.
    Found 1-bit register for signal <DS_ENA>.
    Found 1-bit register for signal <DS_IN>.
    Found 18-bit register for signal <J>.
    Found 18-bit adder for signal <J$add0000> created at line 196.
    Found 18-bit comparator less for signal <J$cmp_lt0000> created at line 156.
    Found 18-bit comparator less for signal <J$cmp_lt0001> created at line 173.
    Found 4-bit register for signal <K>.
    Found 4-bit adder for signal <K$share0000> created at line 90.
    Found 18-bit comparator less for signal <STATE$cmp_lt0000> created at line 162.
    Found 18-bit comparator less for signal <STATE$cmp_lt0001> created at line 179.
    Found 18-bit comparator less for signal <STATE$cmp_lt0002> created at line 215.
    Found 18-bit comparator less for signal <STATE$cmp_lt0003> created at line 233.
    Found 18-bit comparator less for signal <TT_RD_B$cmp_lt0000> created at line 196.
    Found 18-bit comparator less for signal <TT_RD_B$cmp_lt0001> created at line 209.
    Found 18-bit comparator less for signal <TT_RST$cmp_lt0000> created at line 96.
    Found 18-bit comparator less for signal <TT_RST$cmp_lt0001> created at line 102.
    Found 18-bit comparator less for signal <TT_RST$cmp_lt0002> created at line 108.
    Found 1-bit register for signal <TT_WR_B0<0>>.
    Found 1-bit register for signal <TT_WR_B1<0>>.
    Summary:
	inferred   4 Finite State Machine(s).
	inferred  39 D-type flip-flop(s).
	inferred   2 Adder/Subtractor(s).
	inferred  11 Comparator(s).
	inferred   1 Multiplexer(s).
	inferred   1 Tristate(s).
Unit <DS18B20_CONTROL> synthesized.


Synthesizing Unit <HEXTOBCD_8BIT>.
    Related source file is "C:/.Xilinx/BAI_554_DO_ND_DS18B20_CGH_SSND_2BTN/HEXTOBCD_8BIT.vhd".
    Found 4-bit comparator greatequal for signal <BCD_HEX_11$cmp_ge0000> created at line 44.
    Found 4-bit comparator greatequal for signal <BCD_HEX_11$cmp_ge0001> created at line 44.
    Found 4-bit comparator greatequal for signal <BCD_HEX_11$cmp_ge0002> created at line 44.
    Found 4-bit comparator greatequal for signal <BCD_HEX_11$cmp_ge0003> created at line 44.
    Found 4-bit comparator greatequal for signal <BCD_HEX_11$cmp_ge0004> created at line 44.
    Found 4-bit adder for signal <BCD_HEX_11_8$add0000> created at line 45.
    Found 4-bit adder for signal <BCD_HEX_11_8$add0001> created at line 45.
    Found 4-bit adder for signal <BCD_HEX_11_8$add0002> created at line 45.
    Found 4-bit adder for signal <BCD_HEX_11_8$add0003> created at line 45.
    Found 4-bit adder for signal <BCD_HEX_11_8$add0004> created at line 45.
    Found 4-bit comparator greatequal for signal <BCD_HEX_15$cmp_ge0000> created at line 47.
    Found 4-bit comparator greatequal for signal <BCD_HEX_15$cmp_ge0001> created at line 47.
    Found 4-bit adder for signal <BCD_HEX_15_12$add0000> created at line 48.
    Found 4-bit adder for signal <BCD_HEX_15_12$add0001> created at line 48.
    Summary:
	inferred   7 Adder/Subtractor(s).
	inferred   7 Comparator(s).
Unit <HEXTOBCD_8BIT> synthesized.


Synthesizing Unit <DEM_NP_6BIT_UD>.
    Related source file is "C:/.Xilinx/BAI_554_DO_ND_DS18B20_CGH_SSND_2BTN/DEM_NP_6BIT_UD.vhd".
    Found 6-bit updown counter for signal <Q_R>.
    Found 6-bit comparator greater for signal <Q_R$cmp_gt0000> created at line 54.
    Found 6-bit comparator less for signal <Q_R$cmp_lt0000> created at line 54.
    Summary:
	inferred   1 Counter(s).
	inferred   2 Comparator(s).
Unit <DEM_NP_6BIT_UD> synthesized.


Synthesizing Unit <DEBOUNCE_BTN>.
    Related source file is "C:/.Xilinx/BAI_554_DO_ND_DS18B20_CGH_SSND_2BTN/DEBOUNCE_BTN.vhd".
    Found finite state machine <FSM_4> for signal <DB_R>.
    -----------------------------------------------------------------------
    | States             | 4                                              |
    | Transitions        | 10                                             |
    | Inputs             | 2                                              |
    | Outputs            | 5                                              |
    | Clock              | CKHT                      (falling_edge)       |
    | Power Up State     | zero                                           |
    | Encoding           | automatic                                      |
    | Implementation     | LUT                                            |
    -----------------------------------------------------------------------
    Found 20-bit register for signal <DL_R>.
    Found 20-bit subtractor for signal <DL_R$addsub0000>.
    Summary:
	inferred   1 Finite State Machine(s).
	inferred  20 D-type flip-flop(s).
	inferred   1 Adder/Subtractor(s).
Unit <DEBOUNCE_BTN> synthesized.


Synthesizing Unit <LAM_HEP_XUNG>.
    Related source file is "C:/.Xilinx/BAI_554_DO_ND_DS18B20_CGH_SSND_2BTN/LAM_HEP_XUNG.vhd".
    Found 1-bit register for signal <QFF>.
    Summary:
	inferred   1 D-type flip-flop(s).
Unit <LAM_HEP_XUNG> synthesized.


Synthesizing Unit <DEM_3BIT>.
    Related source file is "C:/.Xilinx/BAI_554_DO_ND_DS18B20_CGH_SSND_2BTN/DEM_3BIT.vhd".
    Found 3-bit up counter for signal <Q_R>.
    Summary:
	inferred   1 Counter(s).
Unit <DEM_3BIT> synthesized.


Synthesizing Unit <DAHOP_8KENH>.
    Related source file is "C:/.Xilinx/BAI_554_DO_ND_DS18B20_CGH_SSND_2BTN/DAHOP_8KENH.vhd".
    Found 4-bit 8-to-1 multiplexer for signal <o>.
    Found 1-bit 8-to-1 multiplexer for signal <ena1>.
    Found 1-bit 8-to-1 multiplexer for signal <dc1>.
    Summary:
	inferred   6 Multiplexer(s).
Unit <DAHOP_8KENH> synthesized.


Synthesizing Unit <GIAIMA_38H>.
    Related source file is "C:/.Xilinx/BAI_554_DO_ND_DS18B20_CGH_SSND_2BTN/GIAIMA_38H.vhd".
    Found 1-of-8 decoder for signal <O>.
    Summary:
	inferred   1 Decoder(s).
Unit <GIAIMA_38H> synthesized.


Synthesizing Unit <GIAIMA_7DOAN_ENA>.
    Related source file is "C:/.Xilinx/BAI_554_DO_ND_DS18B20_CGH_SSND_2BTN/GIAIMA_7DOAN_ENA.vhd".
    Found 16x7-bit ROM for signal <SS7>.
    Summary:
	inferred   1 ROM(s).
Unit <GIAIMA_7DOAN_ENA> synthesized.


Synthesizing Unit <GM_HT_8LED>.
    Related source file is "C:/.Xilinx/BAI_554_DO_ND_DS18B20_CGH_SSND_2BTN/GM_HT_8LED.vhd".
Unit <GM_HT_8LED> synthesized.


Synthesizing Unit <CD_LAM_HEP_BTN>.
    Related source file is "C:/.Xilinx/BAI_554_DO_ND_DS18B20_CGH_SSND_2BTN/CD_LAM_HEP_BTN.vhd".
Unit <CD_LAM_HEP_BTN> synthesized.


Synthesizing Unit <DEM_NP_6BIT_UD_2BTN>.
    Related source file is "C:/.Xilinx/BAI_554_DO_ND_DS18B20_CGH_SSND_2BTN/DEM_NP_6BIT_UD_2BTN.vhd".
Unit <DEM_NP_6BIT_UD_2BTN> synthesized.


Synthesizing Unit <DO_ND_DS18B20_CGH_SSND_2BTN>.
    Related source file is "C:/.Xilinx/BAI_554_DO_ND_DS18B20_CGH_SSND_2BTN/DO_ND_DS18B20_CGH_SSND_2BTN.vhd".
    Found 8-bit comparator greater for signal <BELL$cmp_gt0000> created at line 81.
    Summary:
	inferred   1 Comparator(s).
Unit <DO_ND_DS18B20_CGH_SSND_2BTN> synthesized.

INFO:Xst:1767 - HDL ADVISOR - Resource sharing has identified that some arithmetic operations in this design can share the same physical resources for reduced device utilization. For improved clock frequency you may try to disable resource sharing.

=========================================================================
HDL Synthesis Report

Macro Statistics
# ROMs                                                 : 1
 16x7-bit ROM                                          : 1
# Adders/Subtractors                                   : 15
 16-bit adder                                          : 1
 18-bit adder                                          : 1
 20-bit subtractor                                     : 2
 4-bit adder                                           : 11
# Counters                                             : 2
 3-bit up counter                                      : 1
 6-bit updown counter                                  : 1
# Registers                                            : 25
 1-bit register                                        : 19
 16-bit register                                       : 1
 18-bit register                                       : 1
 20-bit register                                       : 2
 4-bit register                                        : 1
 8-bit register                                        : 1
# Comparators                                          : 24
 18-bit comparator less                                : 11
 4-bit comparator greatequal                           : 10
 6-bit comparator greater                              : 1
 6-bit comparator less                                 : 1
 8-bit comparator greater                              : 1
# Multiplexers                                         : 4
 1-bit 8-to-1 multiplexer                              : 3
 4-bit 8-to-1 multiplexer                              : 1
# Decoders                                             : 1
 1-of-8 decoder                                        : 1
# Tristates                                            : 1
 1-bit tristate buffer                                 : 1

=========================================================================

=========================================================================
*                       Advanced HDL Synthesis                          *
=========================================================================

Analyzing FSM <FSM_4> for best encoding.
Optimizing FSM <IC3/U1/U1/DB_R/FSM> on signal <DB_R[1:2]> with sequential encoding.
Optimizing FSM <IC3/U2/U1/DB_R/FSM> on signal <DB_R[1:2]> with sequential encoding.
-------------------
 State | Encoding
-------------------
 zero  | 00
 wait0 | 11
 one   | 10
 wait1 | 01
-------------------
Analyzing FSM <FSM_3> for best encoding.
Optimizing FSM <IC4/TT_RD_B/FSM> on signal <TT_RD_B[1:2]> with gray encoding.
-------------------
 State | Encoding
-------------------
 00    | 00
 01    | 01
 10    | 11
 11    | 10
-------------------
Analyzing FSM <FSM_2> for best encoding.
Optimizing FSM <IC4/TT_RST/FSM> on signal <TT_RST[1:2]> with gray encoding.
-------------------
 State | Encoding
-------------------
 00    | 00
 01    | 01
 10    | 11
 11    | 10
-------------------
Analyzing FSM <FSM_1> for best encoding.
Optimizing FSM <IC4/TT/FSM> on signal <TT[1:4]> with one-hot encoding.
-------------------
 State | Encoding
-------------------
 000   | 0001
 001   | 0010
 010   | 0100
 011   | 1000
-------------------
Analyzing FSM <FSM_0> for best encoding.
Optimizing FSM <IC4/STATE/FSM> on signal <STATE[1:10]> with one-hot encoding.
--------------------------
 State      | Encoding
--------------------------
 reset      | 0000000001
 skip_rom   | 0000000010
 write_byte | 0000000100
 write_bit0 | 0000001000
 write_bit1 | 0000010000
 read_bit   | 0100000000
 convert_t  | 0000100000
 read_scrat | 0001000000
 get_temp   | 0010000000
 wait_4ms   | 1000000000
--------------------------

=========================================================================
Advanced HDL Synthesis Report

Macro Statistics
# FSMs                                                 : 5
# ROMs                                                 : 1
 16x7-bit ROM                                          : 1
# Adders/Subtractors                                   : 15
 16-bit adder                                          : 1
 18-bit adder                                          : 1
 20-bit subtractor                                     : 2
 4-bit adder                                           : 11
# Counters                                             : 2
 3-bit up counter                                      : 1
 6-bit updown counter                                  : 1
# Registers                                            : 105
 Flip-Flops                                            : 105
# Comparators                                          : 24
 18-bit comparator less                                : 11
 4-bit comparator greatequal                           : 10
 6-bit comparator greater                              : 1
 6-bit comparator less                                 : 1
 8-bit comparator greater                              : 1
# Multiplexers                                         : 4
 1-bit 8-to-1 multiplexer                              : 3
 4-bit 8-to-1 multiplexer                              : 1
# Decoders                                             : 1
 1-of-8 decoder                                        : 1

=========================================================================

=========================================================================
*                         Low Level Synthesis                           *
=========================================================================

Optimizing unit <DO_ND_DS18B20_CGH_SSND_2BTN> ...

Optimizing unit <HEXTOBCD_6BIT> ...

Optimizing unit <CHIA_10ENA> ...

Optimizing unit <HEXTOBCD_8BIT> ...

Optimizing unit <DEBOUNCE_BTN> ...

Mapping all equations...
Building and optimizing final netlist ...
Found area constraint ratio of 100 (+ 5) on block DO_ND_DS18B20_CGH_SSND_2BTN, actual ratio is 5.

Final Macro Processing ...

=========================================================================
Final Register Report

Macro Statistics
# Registers                                            : 136
 Flip-Flops                                            : 136

=========================================================================

=========================================================================
*                           Partition Report                            *
=========================================================================

Partition Implementation Status
-------------------------------

  No Partitions were found in this design.

-------------------------------

=========================================================================
*                            Final Report                               *
=========================================================================
Final Results
RTL Top Level Output File Name     : DO_ND_DS18B20_CGH_SSND_2BTN.ngr
Top Level Output File Name         : DO_ND_DS18B20_CGH_SSND_2BTN
Output Format                      : NGC
Optimization Goal                  : Speed
Keep Hierarchy                     : No

Design Statistics
# IOs                              : 28

Cell Usage :
# BELS                             : 696
#      GND                         : 1
#      INV                         : 62
#      LUT1                        : 52
#      LUT2                        : 43
#      LUT2_L                      : 1
#      LUT3                        : 54
#      LUT3_D                      : 2
#      LUT3_L                      : 7
#      LUT4                        : 184
#      LUT4_D                      : 5
#      LUT4_L                      : 6
#      MUXCY                       : 169
#      MUXF5                       : 32
#      MUXF6                       : 3
#      VCC                         : 1
#      XORCY                       : 74
# FlipFlops/Latches                : 136
#      FD_1                        : 4
#      FDC                         : 20
#      FDCE                        : 10
#      FDE                         : 38
#      FDP                         : 2
#      FDPE                        : 4
#      FDR_1                       : 16
#      FDSE_1                      : 42
# Clock Buffers                    : 1
#      BUFGP                       : 1
# IO Buffers                       : 27
#      IBUF                        : 4
#      IOBUF                       : 1
#      OBUF                        : 22
=========================================================================

Device utilization summary:
---------------------------

Selected Device : 3s500epq208-5 

 Number of Slices:                      220  out of   4656     4%  
 Number of Slice Flip Flops:            136  out of   9312     1%  
 Number of 4 input LUTs:                416  out of   9312     4%  
 Number of IOs:                          28
 Number of bonded IOBs:                  28  out of    158    17%  
 Number of GCLKs:                         1  out of     24     4%  

---------------------------
Partition Resource Summary:
---------------------------

  No Partitions were found in this design.

---------------------------


=========================================================================
TIMING REPORT

NOTE: THESE TIMING NUMBERS ARE ONLY A SYNTHESIS ESTIMATE.
      FOR ACCURATE TIMING INFORMATION PLEASE REFER TO THE TRACE REPORT
      GENERATED AFTER PLACE-and-ROUTE.

Clock Information:
------------------
-----------------------------------+------------------------+-------+
Clock Signal                       | Clock buffer(FF name)  | Load  |
-----------------------------------+------------------------+-------+
CKHT                               | BUFGP                  | 136   |
-----------------------------------+------------------------+-------+

Asynchronous Control Signals Information:
----------------------------------------
-----------------------------------+------------------------+-------+
Control Signal                     | Buffer(FF name)        | Load  |
-----------------------------------+------------------------+-------+
BTN<0>                             | IBUF                   | 36    |
-----------------------------------+------------------------+-------+

Timing Summary:
---------------
Speed Grade: -5

   Minimum period: 7.657ns (Maximum Frequency: 130.597MHz)
   Minimum input arrival time before clock: 4.837ns
   Maximum output required time after clock: 14.606ns
   Maximum combinational path delay: 4.632ns

Timing Detail:
--------------
All values displayed in nanoseconds (ns)

=========================================================================
Timing constraint: Default period analysis for Clock 'CKHT'
  Clock period: 7.657ns (frequency: 130.597MHz)
  Total number of paths / destination ports: 5518 / 265
-------------------------------------------------------------------------
Delay:               7.657ns (Levels of Logic = 10)
  Source:            IC4/J_4 (FF)
  Destination:       IC4/J_17 (FF)
  Source Clock:      CKHT rising
  Destination Clock: CKHT rising

  Data Path: IC4/J_4 to IC4/J_17
                                Gate     Net
    Cell:in->out      fanout   Delay   Delay  Logical Name (Net Name)
    ----------------------------------------  ------------
     FDE:C->Q             12   0.514   0.969  IC4/J_4 (IC4/J_4)
     LUT1:I0->O            1   0.612   0.000  IC4/Mcompar_STATE_cmp_lt0000_cy<0>_0_rt (IC4/Mcompar_STATE_cmp_lt0000_cy<0>_0_rt)
     MUXCY:S->O            1   0.404   0.000  IC4/Mcompar_STATE_cmp_lt0000_cy<0>_0 (IC4/Mcompar_STATE_cmp_lt0000_cy<0>1)
     MUXCY:CI->O           1   0.051   0.000  IC4/Mcompar_STATE_cmp_lt0000_cy<1>_0 (IC4/Mcompar_STATE_cmp_lt0000_cy<1>1)
     MUXCY:CI->O           1   0.051   0.000  IC4/Mcompar_STATE_cmp_lt0000_cy<2>_0 (IC4/Mcompar_STATE_cmp_lt0000_cy<2>1)
     MUXCY:CI->O           1   0.051   0.000  IC4/Mcompar_STATE_cmp_lt0000_cy<3>_0 (IC4/Mcompar_STATE_cmp_lt0000_cy<3>1)
     MUXCY:CI->O           4   0.399   0.529  IC4/Mcompar_STATE_cmp_lt0000_cy<4>_0 (IC4/Mcompar_STATE_cmp_lt0000_cy<4>1)
     LUT3_L:I2->LO         1   0.612   0.103  IC4/J_mux0004<0>113_SW0 (N811)
     LUT4:I3->O            1   0.612   0.360  IC4/J_mux0004<0>135_SW0 (N79)
     LUT4_D:I3->O         17   0.612   0.896  IC4/J_mux0004<0>1130 (N0)
     LUT4:I3->O            1   0.612   0.000  IC4/J_mux0004<8>1 (IC4/J_mux0004<8>)
     FDE:D                     0.268          IC4/J_9
    ----------------------------------------
    Total                      7.657ns (4.800ns logic, 2.857ns route)
                                       (62.7% logic, 37.3% route)

=========================================================================
Timing constraint: Default OFFSET IN BEFORE for Clock 'CKHT'
  Total number of paths / destination ports: 81 / 81
-------------------------------------------------------------------------
Offset:              4.837ns (Levels of Logic = 3)
  Source:            BTN<0> (PAD)
  Destination:       IC4/DLN_8 (FF)
  Destination Clock: CKHT rising

  Data Path: BTN<0> to IC4/DLN_8
                                Gate     Net
    Cell:in->out      fanout   Delay   Delay  Logical Name (Net Name)
    ----------------------------------------  ------------
     IBUF:I->O            49   1.106   1.146  BTN_0_IBUF (BTN_0_IBUF)
     LUT2:I1->O            3   0.612   0.520  IC4/DLN_0_and000011 (N11)
     LUT4:I1->O            1   0.612   0.357  IC4/DLN_8_and00001 (IC4/DLN_8_and0000)
     FDE:CE                    0.483          IC4/DLN_8
    ----------------------------------------
    Total                      4.837ns (2.813ns logic, 2.024ns route)
                                       (58.2% logic, 41.8% route)

=========================================================================
Timing constraint: Default OFFSET OUT AFTER for Clock 'CKHT'
  Total number of paths / destination ports: 12222 / 22
-------------------------------------------------------------------------
Offset:              14.606ns (Levels of Logic = 13)
  Source:            IC4/DLN_9 (FF)
  Destination:       SSEG<5> (PAD)
  Source Clock:      CKHT rising

  Data Path: IC4/DLN_9 to SSEG<5>
                                Gate     Net
    Cell:in->out      fanout   Delay   Delay  Logical Name (Net Name)
    ----------------------------------------  ------------
     FDE:C->Q             15   0.514   1.016  IC4/DLN_9 (IC4/DLN_9)
     LUT4:I0->O            1   0.612   0.000  IC5/BCD_HEX_9_mux0002_F (N146)
     MUXF5:I0->O          11   0.278   0.945  IC5/BCD_HEX_9_mux0002 (IC5/Madd_BCD_HEX_11_8_add0003_lut<2>)
     LUT4:I0->O            1   0.612   0.000  IC5/BCD_HEX_11_mux00032 (IC5/BCD_HEX_11_mux00031)
     MUXF5:I0->O           9   0.278   0.849  IC5/BCD_HEX_11_mux0003_f5 (IC5/Madd_BCD_HEX_15_12_add0001_cy<0>)
     LUT4:I0->O            1   0.612   0.000  IC6/K2/Mmux_o_72_SW0_SW0_G (N161)
     MUXF5:I1->O           1   0.278   0.360  IC6/K2/Mmux_o_72_SW0_SW0 (N132)
     LUT4:I3->O            1   0.612   0.360  IC6/K2/Mmux_o_72_SW0 (N122)
     LUT4:I3->O            1   0.612   0.000  IC6/K2/Mmux_o_72 (IC6/K2/Mmux_o_72)
     MUXF5:I0->O           1   0.278   0.360  IC6/K2/Mmux_o_5_f5_1 (IC6/K2/Mmux_o_5_f52)
     LUT4:I3->O           14   0.612   1.002  IC6/S3B<2>2168 (IC6/SO_GMA<2>)
     LUT4:I0->O            1   0.612   0.000  IC6/K4/SSEG<4>2 (IC6/K4/SSEG<4>1)
     MUXF5:I0->O           1   0.278   0.357  IC6/K4/SSEG<4>_f5 (SSEG_4_OBUF)
     OBUF:I->O                 3.169          SSEG_4_OBUF (SSEG<4>)
    ----------------------------------------
    Total                     14.606ns (9.357ns logic, 5.250ns route)
                                       (64.1% logic, 35.9% route)

=========================================================================
Timing constraint: Default path analysis
  Total number of paths / destination ports: 1 / 1
-------------------------------------------------------------------------
Delay:               4.632ns (Levels of Logic = 2)
  Source:            SW0 (PAD)
  Destination:       TRIAC (PAD)

  Data Path: SW0 to TRIAC
                                Gate     Net
    Cell:in->out      fanout   Delay   Delay  Logical Name (Net Name)
    ----------------------------------------  ------------
     IBUF:I->O             1   1.106   0.357  SW0_IBUF (TRIAC_OBUF)
     OBUF:I->O                 3.169          TRIAC_OBUF (TRIAC)
    ----------------------------------------
    Total                      4.632ns (4.275ns logic, 0.357ns route)
                                       (92.3% logic, 7.7% route)

=========================================================================


Total REAL time to Xst completion: 10.00 secs
Total CPU time to Xst completion: 10.01 secs
 
--> 

Total memory usage is 4529552 kilobytes

Number of errors   :    0 (   0 filtered)
Number of warnings :    0 (   0 filtered)
Number of infos    :    2 (   0 filtered)

