EN hextobcd_gpg NULL /home/ise/BT_ISE_XILINX/BAI_542_DONG_HO_GPG_3KEY/HEXTOBCD_GPG.vhd sub00/vhpl30 1684225316
AR dem_gpg_mud behavioral /home/ise/BT_ISE_XILINX/BAI_542_DONG_HO_GPG_3KEY/DEM_GPG_MUD.vhd sub00/vhpl01 1684225311
EN dem_2bit NULL /home/ise/BT_ISE_XILINX/BAI_542_DONG_HO_GPG_3KEY/DEM_2BIT.vhd sub00/vhpl13 1684225292
EN hextobcd_6bit NULL /home/ise/BT_ISE_XILINX/BAI_542_DONG_HO_GPG_3KEY/HEXTOBCD_6BIT.vhd sub00/vhpl24 1684225306
AR dau_cham behavioral /home/ise/BT_ISE_XILINX/BAI_542_DONG_HO_GPG_3KEY/DAU_CHAM.vhd sub00/vhpl05 1684225297
AR dem_gpg_3key behavioral /home/ise/BT_ISE_XILINX/BAI_542_DONG_HO_GPG_3KEY/DEM_GPG_3KEY.vhd sub00/vhpl29 1684225315
AR debounce_btn behavioral /home/ise/BT_ISE_XILINX/BAI_542_DONG_HO_GPG_3KEY/DEBOUNCE_BTN.vhd sub00/vhpl08 1684225287
AR chia_10ena behavioral /home/ise/BT_ISE_XILINX/BAI_542_DONG_HO_GPG_3KEY/CHIA_10ENA.vhd sub00/vhpl28 1684225313
AR lam_hep_xung behavioral /home/ise/BT_ISE_XILINX/BAI_542_DONG_HO_GPG_3KEY/LAM_HEP_XUNG.vhd sub00/vhpl11 1684225289
AR dem_3bit behavioral /home/ise/BT_ISE_XILINX/BAI_542_DONG_HO_GPG_3KEY/DEM_3BIT.vhd sub00/vhpl17 1684225299
EN giaima_38h NULL /home/ise/BT_ISE_XILINX/BAI_542_DONG_HO_GPG_3KEY/GIAIMA_38H.vhd sub00/vhpl20 1684225302
EN debounce_btn NULL /home/ise/BT_ISE_XILINX/BAI_542_DONG_HO_GPG_3KEY/DEBOUNCE_BTN.vhd sub00/vhpl07 1684225286
AR giaima_38h behavioral /home/ise/BT_ISE_XILINX/BAI_542_DONG_HO_GPG_3KEY/GIAIMA_38H.vhd sub00/vhpl21 1684225303
EN dem_gpg_mud NULL /home/ise/BT_ISE_XILINX/BAI_542_DONG_HO_GPG_3KEY/DEM_GPG_MUD.vhd sub00/vhpl00 1684225310
EN dem_gpg_3key NULL /home/ise/BT_ISE_XILINX/BAI_542_DONG_HO_GPG_3KEY/DEM_GPG_3KEY.vhd sub00/vhpl02 1684225314
AR gm_ht_8led behavioral /home/ise/BT_ISE_XILINX/BAI_542_DONG_HO_GPG_3KEY/GM_HT_8LED.vhd sub00/vhpl33 1684225319
AR giaima_7doan_ena behavioral /home/ise/BT_ISE_XILINX/BAI_542_DONG_HO_GPG_3KEY/GIAIMA_7DOAN_ENA.vhd sub00/vhpl23 1684225305
EN xuly_mod_dc NULL /home/ise/BT_ISE_XILINX/BAI_542_DONG_HO_GPG_3KEY/XULY_MOD_DC.vhd sub00/vhpl03 1684225308
AR hextobcd_gpg behavioral /home/ise/BT_ISE_XILINX/BAI_542_DONG_HO_GPG_3KEY/HEXTOBCD_GPG.vhd sub00/vhpl31 1684225317
AR dong_ho_gpg_3key behavioral /home/ise/BT_ISE_XILINX/BAI_542_DONG_HO_GPG_3KEY/DONG_HO_GPG_3KEY.vhd sub00/vhpl35 1684225321
AR cd_lam_hep_btn behavioral /home/ise/BT_ISE_XILINX/BAI_542_DONG_HO_GPG_3KEY/CD_LAM_HEP_BTN.vhd sub00/vhpl12 1684225291
AR dem_2bit_btn behavioral /home/ise/BT_ISE_XILINX/BAI_542_DONG_HO_GPG_3KEY/DEM_2BIT_BTN.vhd sub00/vhpl15 1684225295
EN gm_ht_8led NULL /home/ise/BT_ISE_XILINX/BAI_542_DONG_HO_GPG_3KEY/GM_HT_8LED.vhd sub00/vhpl32 1684225318
EN dahop_8kenh NULL /home/ise/BT_ISE_XILINX/BAI_542_DONG_HO_GPG_3KEY/DAHOP_8KENH.vhd sub00/vhpl18 1684225300
EN giaima_7doan_ena NULL /home/ise/BT_ISE_XILINX/BAI_542_DONG_HO_GPG_3KEY/GIAIMA_7DOAN_ENA.vhd sub00/vhpl22 1684225304
EN dem_3bit NULL /home/ise/BT_ISE_XILINX/BAI_542_DONG_HO_GPG_3KEY/DEM_3BIT.vhd sub00/vhpl16 1684225298
EN dong_ho_gpg_3key NULL /home/ise/BT_ISE_XILINX/BAI_542_DONG_HO_GPG_3KEY/DONG_HO_GPG_3KEY.vhd sub00/vhpl34 1684225320
EN lam_hep_xung NULL /home/ise/BT_ISE_XILINX/BAI_542_DONG_HO_GPG_3KEY/LAM_HEP_XUNG.vhd sub00/vhpl10 1684225288
AR dahop_8kenh behavioral /home/ise/BT_ISE_XILINX/BAI_542_DONG_HO_GPG_3KEY/DAHOP_8KENH.vhd sub00/vhpl19 1684225301
AR xuly_mod_dc behavioral /home/ise/BT_ISE_XILINX/BAI_542_DONG_HO_GPG_3KEY/XULY_MOD_DC.vhd sub00/vhpl26 1684225309
AR hextobcd_6bit behavioral /home/ise/BT_ISE_XILINX/BAI_542_DONG_HO_GPG_3KEY/HEXTOBCD_6BIT.vhd sub00/vhpl25 1684225307
AR dem_2bit behavioral /home/ise/BT_ISE_XILINX/BAI_542_DONG_HO_GPG_3KEY/DEM_2BIT.vhd sub00/vhpl14 1684225293
EN chia_10ena NULL /home/ise/BT_ISE_XILINX/BAI_542_DONG_HO_GPG_3KEY/CHIA_10ENA.vhd sub00/vhpl27 1684225312
EN dem_2bit_btn NULL /home/ise/BT_ISE_XILINX/BAI_542_DONG_HO_GPG_3KEY/DEM_2BIT_BTN.vhd sub00/vhpl06 1684225294
EN cd_lam_hep_btn NULL /home/ise/BT_ISE_XILINX/BAI_542_DONG_HO_GPG_3KEY/CD_LAM_HEP_BTN.vhd sub00/vhpl09 1684225290
EN dau_cham NULL /home/ise/BT_ISE_XILINX/BAI_542_DONG_HO_GPG_3KEY/DAU_CHAM.vhd sub00/vhpl04 1684225296
