V3 89
FL /home/ise/BT_ISE_XILINX/BAI_542_DONG_HO_GPG_3KEY/CD_LAM_HEP_BTN.vhd 2023/02/22.10:07:20 P.20131013
EN work/CD_LAM_HEP_BTN 1684225290 \
      FL /home/ise/BT_ISE_XILINX/BAI_542_DONG_HO_GPG_3KEY/CD_LAM_HEP_BTN.vhd \
      PB ieee/std_logic_1164 1381692176
AR work/CD_LAM_HEP_BTN/Behavioral 1684225291 \
      FL /home/ise/BT_ISE_XILINX/BAI_542_DONG_HO_GPG_3KEY/CD_LAM_HEP_BTN.vhd \
      EN work/CD_LAM_HEP_BTN 1684225290 CP work/DEBOUNCE_BTN CP work/LAM_HEP_XUNG
FL /home/ise/BT_ISE_XILINX/BAI_542_DONG_HO_GPG_3KEY/CHIA_10ENA.vhd 2023/03/27.04:27:46 P.20131013
EN work/CHIA_10ENA 1684225312 \
      FL /home/ise/BT_ISE_XILINX/BAI_542_DONG_HO_GPG_3KEY/CHIA_10ENA.vhd \
      PB ieee/std_logic_1164 1381692176
AR work/CHIA_10ENA/Behavioral 1684225313 \
      FL /home/ise/BT_ISE_XILINX/BAI_542_DONG_HO_GPG_3KEY/CHIA_10ENA.vhd \
      EN work/CHIA_10ENA 1684225312
FL /home/ise/BT_ISE_XILINX/BAI_542_DONG_HO_GPG_3KEY/DAHOP_8KENH.vhd 2023/03/09.02:37:27 P.20131013
EN work/DAHOP_8KENH 1684225300 \
      FL /home/ise/BT_ISE_XILINX/BAI_542_DONG_HO_GPG_3KEY/DAHOP_8KENH.vhd \
      PB ieee/std_logic_1164 1381692176
AR work/DAHOP_8KENH/Behavioral 1684225301 \
      FL /home/ise/BT_ISE_XILINX/BAI_542_DONG_HO_GPG_3KEY/DAHOP_8KENH.vhd \
      EN work/DAHOP_8KENH 1684225300
FL /home/ise/BT_ISE_XILINX/BAI_542_DONG_HO_GPG_3KEY/DAU_CHAM.vhd 2023/03/27.04:07:03 P.20131013
EN work/DAU_CHAM 1684225296 \
      FL /home/ise/BT_ISE_XILINX/BAI_542_DONG_HO_GPG_3KEY/DAU_CHAM.vhd \
      PB ieee/std_logic_1164 1381692176
AR work/DAU_CHAM/Behavioral 1684225297 \
      FL /home/ise/BT_ISE_XILINX/BAI_542_DONG_HO_GPG_3KEY/DAU_CHAM.vhd \
      EN work/DAU_CHAM 1684225296
FL /home/ise/BT_ISE_XILINX/BAI_542_DONG_HO_GPG_3KEY/DEBOUNCE_BTN.vhd 2022/04/06.06:28:10 P.20131013
EN work/DEBOUNCE_BTN 1684225286 \
      FL /home/ise/BT_ISE_XILINX/BAI_542_DONG_HO_GPG_3KEY/DEBOUNCE_BTN.vhd \
      PB ieee/std_logic_1164 1381692176 PB ieee/std_logic_arith 1381692177 \
      PB ieee/STD_LOGIC_UNSIGNED 1381692179
AR work/DEBOUNCE_BTN/Behavioral 1684225287 \
      FL /home/ise/BT_ISE_XILINX/BAI_542_DONG_HO_GPG_3KEY/DEBOUNCE_BTN.vhd \
      EN work/DEBOUNCE_BTN 1684225286
FL /home/ise/BT_ISE_XILINX/BAI_542_DONG_HO_GPG_3KEY/DEM_2BIT.vhd 2023/02/22.13:18:48 P.20131013
EN work/DEM_2BIT 1684225292 \
      FL /home/ise/BT_ISE_XILINX/BAI_542_DONG_HO_GPG_3KEY/DEM_2BIT.vhd \
      PB ieee/std_logic_1164 1381692176 PB ieee/NUMERIC_STD 1381692181 \
      PB ieee/STD_LOGIC_UNSIGNED 1381692179
AR work/DEM_2BIT/Behavioral 1684225293 \
      FL /home/ise/BT_ISE_XILINX/BAI_542_DONG_HO_GPG_3KEY/DEM_2BIT.vhd \
      EN work/DEM_2BIT 1684225292
FL /home/ise/BT_ISE_XILINX/BAI_542_DONG_HO_GPG_3KEY/DEM_2BIT_BTN.vhd 2023/03/27.04:23:32 P.20131013
EN work/DEM_2BIT_BTN 1684225294 \
      FL /home/ise/BT_ISE_XILINX/BAI_542_DONG_HO_GPG_3KEY/DEM_2BIT_BTN.vhd \
      PB ieee/std_logic_1164 1381692176
AR work/DEM_2BIT_BTN/Behavioral 1684225295 \
      FL /home/ise/BT_ISE_XILINX/BAI_542_DONG_HO_GPG_3KEY/DEM_2BIT_BTN.vhd \
      EN work/DEM_2BIT_BTN 1684225294 CP work/CD_LAM_HEP_BTN CP work/DEM_2BIT
FL /home/ise/BT_ISE_XILINX/BAI_542_DONG_HO_GPG_3KEY/DEM_3BIT.vhd 2023/03/08.15:12:50 P.20131013
EN work/DEM_3BIT 1684225298 \
      FL /home/ise/BT_ISE_XILINX/BAI_542_DONG_HO_GPG_3KEY/DEM_3BIT.vhd \
      PB ieee/std_logic_1164 1381692176 PB ieee/NUMERIC_STD 1381692181 \
      PB ieee/STD_LOGIC_UNSIGNED 1381692179
AR work/DEM_3BIT/Behavioral 1684225299 \
      FL /home/ise/BT_ISE_XILINX/BAI_542_DONG_HO_GPG_3KEY/DEM_3BIT.vhd \
      EN work/DEM_3BIT 1684225298
FL /home/ise/BT_ISE_XILINX/BAI_542_DONG_HO_GPG_3KEY/DEM_GPG_3KEY.vhd 2023/03/27.04:35:59 P.20131013
EN work/DEM_GPG_3KEY 1684225314 \
      FL /home/ise/BT_ISE_XILINX/BAI_542_DONG_HO_GPG_3KEY/DEM_GPG_3KEY.vhd \
      PB ieee/std_logic_1164 1381692176
AR work/DEM_GPG_3KEY/Behavioral 1684225315 \
      FL /home/ise/BT_ISE_XILINX/BAI_542_DONG_HO_GPG_3KEY/DEM_GPG_3KEY.vhd \
      EN work/DEM_GPG_3KEY 1684225314 CP work/DEBOUNCE_BTN CP work/XULY_MOD_DC \
      CP work/DEM_GPG_MUD
FL /home/ise/BT_ISE_XILINX/BAI_542_DONG_HO_GPG_3KEY/DEM_GPG_MUD.vhd 2023/05/19.08:28:35 P.20131013
EN work/DEM_GPG_MUD 1684225310 \
      FL /home/ise/BT_ISE_XILINX/BAI_542_DONG_HO_GPG_3KEY/DEM_GPG_MUD.vhd \
      PB ieee/std_logic_1164 1381692176 PB ieee/NUMERIC_STD 1381692181 \
      PB ieee/STD_LOGIC_UNSIGNED 1381692179
AR work/DEM_GPG_MUD/Behavioral 1684225311 \
      FL /home/ise/BT_ISE_XILINX/BAI_542_DONG_HO_GPG_3KEY/DEM_GPG_MUD.vhd \
      EN work/DEM_GPG_MUD 1684225310
FL /home/ise/BT_ISE_XILINX/BAI_542_DONG_HO_GPG_3KEY/DONG_HO_GPG_3KEY.vhd 2023/04/25.00:07:30 P.20131013
EN work/DONG_HO_GPG_3KEY 1684225320 \
      FL /home/ise/BT_ISE_XILINX/BAI_542_DONG_HO_GPG_3KEY/DONG_HO_GPG_3KEY.vhd \
      PB ieee/std_logic_1164 1381692176
AR work/DONG_HO_GPG_3KEY/Behavioral 1684225321 \
      FL /home/ise/BT_ISE_XILINX/BAI_542_DONG_HO_GPG_3KEY/DONG_HO_GPG_3KEY.vhd \
      EN work/DONG_HO_GPG_3KEY 1684225320 CP work/CHIA_10ENA CP work/DEM_GPG_3KEY \
      CP work/HEXTOBCD_GPG CP work/GM_HT_8LED
FL /home/ise/BT_ISE_XILINX/BAI_542_DONG_HO_GPG_3KEY/GIAIMA_38H.vhd 2023/03/08.14:48:42 P.20131013
EN work/GIAIMA_38H 1684225302 \
      FL /home/ise/BT_ISE_XILINX/BAI_542_DONG_HO_GPG_3KEY/GIAIMA_38H.vhd \
      PB ieee/std_logic_1164 1381692176
AR work/GIAIMA_38H/Behavioral 1684225303 \
      FL /home/ise/BT_ISE_XILINX/BAI_542_DONG_HO_GPG_3KEY/GIAIMA_38H.vhd \
      EN work/GIAIMA_38H 1684225302
FL /home/ise/BT_ISE_XILINX/BAI_542_DONG_HO_GPG_3KEY/GIAIMA_7DOAN_ENA.vhd 2023/03/09.02:07:59 P.20131013
EN work/GIAIMA_7DOAN_ENA 1684225304 \
      FL /home/ise/BT_ISE_XILINX/BAI_542_DONG_HO_GPG_3KEY/GIAIMA_7DOAN_ENA.vhd \
      PB ieee/std_logic_1164 1381692176
AR work/GIAIMA_7DOAN_ENA/Behavioral 1684225305 \
      FL /home/ise/BT_ISE_XILINX/BAI_542_DONG_HO_GPG_3KEY/GIAIMA_7DOAN_ENA.vhd \
      EN work/GIAIMA_7DOAN_ENA 1684225304
FL /home/ise/BT_ISE_XILINX/BAI_542_DONG_HO_GPG_3KEY/GM_HT_8LED.vhd 2023/03/09.02:40:06 P.20131013
EN work/GM_HT_8LED 1684225318 \
      FL /home/ise/BT_ISE_XILINX/BAI_542_DONG_HO_GPG_3KEY/GM_HT_8LED.vhd \
      PB ieee/std_logic_1164 1381692176
AR work/GM_HT_8LED/Behavioral 1684225319 \
      FL /home/ise/BT_ISE_XILINX/BAI_542_DONG_HO_GPG_3KEY/GM_HT_8LED.vhd \
      EN work/GM_HT_8LED 1684225318 CP work/DEM_3BIT CP work/DAHOP_8KENH \
      CP work/GIAIMA_38H CP work/GIAIMA_7DOAN_ENA
FL /home/ise/BT_ISE_XILINX/BAI_542_DONG_HO_GPG_3KEY/HEXTOBCD_6BIT.vhd 2023/02/14.03:33:27 P.20131013
EN work/HEXTOBCD_6BIT 1684225306 \
      FL /home/ise/BT_ISE_XILINX/BAI_542_DONG_HO_GPG_3KEY/HEXTOBCD_6BIT.vhd \
      PB ieee/std_logic_1164 1381692176 PB ieee/NUMERIC_STD 1381692181 \
      PB ieee/std_logic_arith 1381692177 PB ieee/STD_LOGIC_UNSIGNED 1381692179
AR work/HEXTOBCD_6BIT/Behavioral 1684225307 \
      FL /home/ise/BT_ISE_XILINX/BAI_542_DONG_HO_GPG_3KEY/HEXTOBCD_6BIT.vhd \
      EN work/HEXTOBCD_6BIT 1684225306
FL /home/ise/BT_ISE_XILINX/BAI_542_DONG_HO_GPG_3KEY/HEXTOBCD_GPG.vhd 2023/03/25.07:05:59 P.20131013
EN work/HEXTOBCD_GPG 1684225316 \
      FL /home/ise/BT_ISE_XILINX/BAI_542_DONG_HO_GPG_3KEY/HEXTOBCD_GPG.vhd \
      PB ieee/std_logic_1164 1381692176
AR work/HEXTOBCD_GPG/Behavioral 1684225317 \
      FL /home/ise/BT_ISE_XILINX/BAI_542_DONG_HO_GPG_3KEY/HEXTOBCD_GPG.vhd \
      EN work/HEXTOBCD_GPG 1684225316 CP work/HEXTOBCD_6BIT
FL /home/ise/BT_ISE_XILINX/BAI_542_DONG_HO_GPG_3KEY/LAM_HEP_XUNG.vhd 2023/02/22.09:38:15 P.20131013
EN work/LAM_HEP_XUNG 1684225288 \
      FL /home/ise/BT_ISE_XILINX/BAI_542_DONG_HO_GPG_3KEY/LAM_HEP_XUNG.vhd \
      PB ieee/std_logic_1164 1381692176
AR work/LAM_HEP_XUNG/Behavioral 1684225289 \
      FL /home/ise/BT_ISE_XILINX/BAI_542_DONG_HO_GPG_3KEY/LAM_HEP_XUNG.vhd \
      EN work/LAM_HEP_XUNG 1684225288
FL /home/ise/BT_ISE_XILINX/BAI_542_DONG_HO_GPG_3KEY/XULY_MOD_DC.vhd 2023/03/27.04:46:10 P.20131013
EN work/XULY_MOD_DC 1684225308 \
      FL /home/ise/BT_ISE_XILINX/BAI_542_DONG_HO_GPG_3KEY/XULY_MOD_DC.vhd \
      PB ieee/std_logic_1164 1381692176
AR work/XULY_MOD_DC/Behavioral 1684225309 \
      FL /home/ise/BT_ISE_XILINX/BAI_542_DONG_HO_GPG_3KEY/XULY_MOD_DC.vhd \
      EN work/XULY_MOD_DC 1684225308 CP work/DEM_2BIT_BTN CP work/DAU_CHAM
FL C:/.Xilinx/BAI_542_DONG_HO_GPG_3KEY/CD_LAM_HEP_BTN.vhd 2023/02/22.17:07:20 P.20131013
FL C:/.Xilinx/BAI_542_DONG_HO_GPG_3KEY/CHIA_10ENA.vhd 2023/03/27.11:27:46 P.20131013
FL C:/.Xilinx/BAI_542_DONG_HO_GPG_3KEY/DAHOP_8KENH.vhd 2023/03/09.09:37:27 P.20131013
FL C:/.Xilinx/BAI_542_DONG_HO_GPG_3KEY/DAU_CHAM.vhd 2023/03/27.11:07:03 P.20131013
FL C:/.Xilinx/BAI_542_DONG_HO_GPG_3KEY/DEBOUNCE_BTN.vhd 2022/04/06.13:28:10 P.20131013
FL C:/.Xilinx/BAI_542_DONG_HO_GPG_3KEY/DEM_2BIT.vhd 2023/02/22.20:18:48 P.20131013
FL C:/.Xilinx/BAI_542_DONG_HO_GPG_3KEY/DEM_2BIT_BTN.vhd 2023/03/27.11:23:32 P.20131013
FL C:/.Xilinx/BAI_542_DONG_HO_GPG_3KEY/DEM_3BIT.vhd 2023/03/08.22:12:50 P.20131013
FL C:/.Xilinx/BAI_542_DONG_HO_GPG_3KEY/DEM_GPG_3KEY.vhd 2023/03/27.11:35:59 P.20131013
FL C:/.Xilinx/BAI_542_DONG_HO_GPG_3KEY/DEM_GPG_MUD.vhd 2023/04/06.13:14:42 P.20131013
FL C:/.Xilinx/BAI_542_DONG_HO_GPG_3KEY/DONG_HO_GPG_3KEY.vhd 2023/03/27.11:27:03 P.20131013
FL C:/.Xilinx/BAI_542_DONG_HO_GPG_3KEY/GIAIMA_38H.vhd 2023/03/08.21:48:42 P.20131013
FL C:/.Xilinx/BAI_542_DONG_HO_GPG_3KEY/GIAIMA_7DOAN_ENA.vhd 2023/03/09.09:07:59 P.20131013
FL C:/.Xilinx/BAI_542_DONG_HO_GPG_3KEY/GM_HT_8LED.vhd 2023/03/09.09:40:06 P.20131013
FL C:/.Xilinx/BAI_542_DONG_HO_GPG_3KEY/HEXTOBCD_6BIT.vhd 2023/02/14.10:33:27 P.20131013
FL C:/.Xilinx/BAI_542_DONG_HO_GPG_3KEY/HEXTOBCD_GPG.vhd 2023/03/25.14:05:59 P.20131013
FL C:/.Xilinx/BAI_542_DONG_HO_GPG_3KEY/LAM_HEP_XUNG.vhd 2023/02/22.16:38:15 P.20131013
FL C:/.Xilinx/BAI_542_DONG_HO_GPG_3KEY/XULY_MOD_DC.vhd 2023/03/27.11:46:10 P.20131013
