V3 11
FL /home/ise/BT_ISE_XILINX/bai_442_dk_16led_std_tsp/chia_10ena.vhd 2023/03/13.03:42:07 P.20131013
EN work/chia_10ena 1678678981 \
      FL /home/ise/BT_ISE_XILINX/bai_442_dk_16led_std_tsp/chia_10ena.vhd \
      PB ieee/std_logic_1164 1381692176 PB ieee/STD_LOGIC_UNSIGNED 1381692179
AR work/chia_10ena/Behavioral 1678678982 \
      FL /home/ise/BT_ISE_XILINX/bai_442_dk_16led_std_tsp/chia_10ena.vhd \
      EN work/chia_10ena 1678678981
FL /home/ise/BT_ISE_XILINX/bai_442_dk_16led_std_tsp/dk_16led_std_tsp.vhd 2023/03/13.03:38:56 P.20131013
EN work/dk_16led_std_tsp 1678678985 \
      FL /home/ise/BT_ISE_XILINX/bai_442_dk_16led_std_tsp/dk_16led_std_tsp.vhd \
      PB ieee/std_logic_1164 1381692176
AR work/dk_16led_std_tsp/Behavioral 1678678986 \
      FL /home/ise/BT_ISE_XILINX/bai_442_dk_16led_std_tsp/dk_16led_std_tsp.vhd \
      EN work/dk_16led_std_tsp 1678678985 CP work/chia_10ena CP work/js_tsp
FL /home/ise/BT_ISE_XILINX/bai_442_dk_16led_std_tsp/js_tsp.vhd 2023/03/13.03:42:07 P.20131013
EN work/js_tsp 1678678983 \
      FL /home/ise/BT_ISE_XILINX/bai_442_dk_16led_std_tsp/js_tsp.vhd \
      PB ieee/std_logic_1164 1381692176 PB ieee/STD_LOGIC_UNSIGNED 1381692179
AR work/js_tsp/Behavioral 1678678984 \
      FL /home/ise/BT_ISE_XILINX/bai_442_dk_16led_std_tsp/js_tsp.vhd \
      EN work/js_tsp 1678678983
