EN dem_2bit NULL /home/ise/BT_ISE_XILINX/bai_517_dem_3so_ss_ud_4ts_ht7d_3btn_4ttd/dem_2bit.vhd sub00/vhpl06 1681440600
EN xoa_so_0_vn NULL /home/ise/BT_ISE_XILINX/bai_517_dem_3so_ss_ud_4ts_ht7d_3btn_4ttd/xoa_so_0_vn.vhd sub00/vhpl16 1681440610
AR chia_10ena behavioral /home/ise/BT_ISE_XILINX/bai_517_dem_3so_ss_ud_4ts_ht7d_3btn_4ttd/chia_10ena.vhd sub00/vhpl21 1681440615
AR lam_hep_xung behavioral /home/ise/BT_ISE_XILINX/bai_517_dem_3so_ss_ud_4ts_ht7d_3btn_4ttd/lam_hep_xung.vhd sub00/vhpl03 1681440597
AR dem_3bit behavioral /home/ise/BT_ISE_XILINX/bai_517_dem_3so_ss_ud_4ts_ht7d_3btn_4ttd/dem_3bit.vhd sub00/vhpl09 1681440603
EN giaima_38h NULL /home/ise/BT_ISE_XILINX/bai_517_dem_3so_ss_ud_4ts_ht7d_3btn_4ttd/giaima_38h.vhd sub00/vhpl10 1681440604
EN bounce_btn NULL /home/ise/BT_ISE_XILINX/bai_517_dem_3so_ss_ud_4ts_ht7d_3btn_4ttd/bounce_btn.vhd sub00/vhpl00 1681440594
AR dem_3so_ss_ud_4ts_ht7d_3btn_4ttd behavioral /home/ise/BT_ISE_XILINX/bai_517_dem_3so_ss_ud_4ts_ht7d_3btn_4ttd/dem_3so_ss_ud_4ts_ht7d_3btn_4ttd.vhd sub00/vhpl29 1681440623
AR dem_3so_ssud behavioral /home/ise/BT_ISE_XILINX/bai_517_dem_3so_ss_ud_4ts_ht7d_3btn_4ttd/dem_3so_ssud.vhd sub00/vhpl23 1681440617
AR giaima_38h behavioral /home/ise/BT_ISE_XILINX/bai_517_dem_3so_ss_ud_4ts_ht7d_3btn_4ttd/giaima_38h.vhd sub00/vhpl11 1681440605
EN dem_3so_ssud NULL /home/ise/BT_ISE_XILINX/bai_517_dem_3so_ss_ud_4ts_ht7d_3btn_4ttd/dem_3so_ssud.vhd sub00/vhpl22 1681440616
AR xoa_so_0_vn behavioral /home/ise/BT_ISE_XILINX/bai_517_dem_3so_ss_ud_4ts_ht7d_3btn_4ttd/xoa_so_0_vn.vhd sub00/vhpl17 1681440611
AR gm_ht_8led behavioral /home/ise/BT_ISE_XILINX/bai_517_dem_3so_ss_ud_4ts_ht7d_3btn_4ttd/gm_ht_8led.vhd sub00/vhpl25 1681440619
AR bounce_btn behavioral /home/ise/BT_ISE_XILINX/bai_517_dem_3so_ss_ud_4ts_ht7d_3btn_4ttd/bounce_btn.vhd sub00/vhpl01 1681440595
EN ht_4tanso NULL /home/ise/BT_ISE_XILINX/bai_517_dem_3so_ss_ud_4ts_ht7d_3btn_4ttd/ht_4tanso.vhd sub00/vhpl18 1681440612
AR giaima_7doan_ena behavioral /home/ise/BT_ISE_XILINX/bai_517_dem_3so_ss_ud_4ts_ht7d_3btn_4ttd/giaima_7doan_ena.vhd sub00/vhpl15 1681440609
EN dem_3so_ss_ud_4ts_ht7d_3btn_4ttd NULL /home/ise/BT_ISE_XILINX/bai_517_dem_3so_ss_ud_4ts_ht7d_3btn_4ttd/dem_3so_ss_ud_4ts_ht7d_3btn_4ttd.vhd sub00/vhpl28 1681440622
AR cd_lam_hep_btn behavioral /home/ise/BT_ISE_XILINX/bai_517_dem_3so_ss_ud_4ts_ht7d_3btn_4ttd/cd_lam_hep_btn.vhd sub00/vhpl05 1681440599
EN gm_ht_8led NULL /home/ise/BT_ISE_XILINX/bai_517_dem_3so_ss_ud_4ts_ht7d_3btn_4ttd/gm_ht_8led.vhd sub00/vhpl24 1681440618
AR dem_2bit_btn behavioral /home/ise/BT_ISE_XILINX/bai_517_dem_3so_ss_ud_4ts_ht7d_3btn_4ttd/dem_2bit_btn.vhd sub00/vhpl27 1681440621
EN dahop_8kenh NULL /home/ise/BT_ISE_XILINX/bai_517_dem_3so_ss_ud_4ts_ht7d_3btn_4ttd/dahop_8kenh.vhd sub00/vhpl12 1681440606
EN giaima_7doan_ena NULL /home/ise/BT_ISE_XILINX/bai_517_dem_3so_ss_ud_4ts_ht7d_3btn_4ttd/giaima_7doan_ena.vhd sub00/vhpl14 1681440608
EN dem_3bit NULL /home/ise/BT_ISE_XILINX/bai_517_dem_3so_ss_ud_4ts_ht7d_3btn_4ttd/dem_3bit.vhd sub00/vhpl08 1681440602
EN lam_hep_xung NULL /home/ise/BT_ISE_XILINX/bai_517_dem_3so_ss_ud_4ts_ht7d_3btn_4ttd/lam_hep_xung.vhd sub00/vhpl02 1681440596
AR dahop_8kenh behavioral /home/ise/BT_ISE_XILINX/bai_517_dem_3so_ss_ud_4ts_ht7d_3btn_4ttd/dahop_8kenh.vhd sub00/vhpl13 1681440607
AR ht_4tanso behavioral /home/ise/BT_ISE_XILINX/bai_517_dem_3so_ss_ud_4ts_ht7d_3btn_4ttd/ht_4tanso.vhd sub00/vhpl19 1681440613
AR dem_2bit behavioral /home/ise/BT_ISE_XILINX/bai_517_dem_3so_ss_ud_4ts_ht7d_3btn_4ttd/dem_2bit.vhd sub00/vhpl07 1681440601
EN chia_10ena NULL /home/ise/BT_ISE_XILINX/bai_517_dem_3so_ss_ud_4ts_ht7d_3btn_4ttd/chia_10ena.vhd sub00/vhpl20 1681440614
EN cd_lam_hep_btn NULL /home/ise/BT_ISE_XILINX/bai_517_dem_3so_ss_ud_4ts_ht7d_3btn_4ttd/cd_lam_hep_btn.vhd sub00/vhpl04 1681440598
EN dem_2bit_btn NULL /home/ise/BT_ISE_XILINX/bai_517_dem_3so_ss_ud_4ts_ht7d_3btn_4ttd/dem_2bit_btn.vhd sub00/vhpl26 1681440620
