--------------------------------------------------------------------------------
Release 14.7 Trace  (nt64)
Copyright (c) 1995-2013 Xilinx, Inc.  All rights reserved.

C:\Xilinx\14.7\ISE_DS\ISE\bin\nt64\unwrapped\trce.exe -intstyle ise -v 3 -s 5
-n 3 -fastpaths -xml DEM_0000_9999_HT_7DOAN.twx DEM_0000_9999_HT_7DOAN.ncd -o
DEM_0000_9999_HT_7DOAN.twr DEM_0000_9999_HT_7DOAN.pcf -ucf
KIT_XC3S500E_PQ208.ucf

Design file:              DEM_0000_9999_HT_7DOAN.ncd
Physical constraint file: DEM_0000_9999_HT_7DOAN.pcf
Device,package,speed:     xc3s500e,pq208,-5 (PRODUCTION 1.27 2013-10-13)
Report level:             verbose report

Environment Variable      Effect 
--------------------      ------ 
NONE                      No environment variables were set
--------------------------------------------------------------------------------

INFO:Timing:2698 - No timing constraints found, doing default enumeration.
INFO:Timing:3412 - To improve timing, see the Timing Closure User Guide (UG612).
INFO:Timing:2752 - To get complete path coverage, use the unconstrained paths 
   option. All paths that are not constrained will be reported in the 
   unconstrained paths section(s) of the report.
INFO:Timing:3339 - The clock-to-out numbers in this timing report are based on 
   a 50 Ohm transmission line loading model.  For the details of this model, 
   and for more information on accounting for different loading conditions, 
   please see the device datasheet.
INFO:Timing:3390 - This architecture does not support a default System Jitter 
   value, please add SYSTEM_JITTER constraint to the UCF to modify the Clock 
   Uncertainty calculation.
INFO:Timing:3389 - This architecture does not support 'Discrete Jitter' and 
   'Phase Error' calculations, these terms will be zero in the Clock 
   Uncertainty calculation.  Please make appropriate modification to 
   SYSTEM_JITTER to account for the unsupported Discrete Jitter and Phase 
   Error.



Data Sheet report:
-----------------
All values displayed in nanoseconds (ns)

Setup/Hold to clock CKHT
------------+------------+------------+------------------+--------+
            |Max Setup to|Max Hold to |                  | Clock  |
Source      | clk (edge) | clk (edge) |Internal Clock(s) | Phase  |
------------+------------+------------+------------------+--------+
SW0         |    4.892(F)|   -1.370(F)|CKHT_BUFGP        |   0.000|
------------+------------+------------+------------------+--------+

Clock CKHT to Pad
------------+------------+------------------+--------+
            | clk (edge) |                  | Clock  |
Destination |   to PAD   |Internal Clock(s) | Phase  |
------------+------------+------------------+--------+
CATHODE<0>  |    8.322(F)|CKHT_BUFGP        |   0.000|
CATHODE<1>  |    8.480(F)|CKHT_BUFGP        |   0.000|
CATHODE<2>  |    8.137(F)|CKHT_BUFGP        |   0.000|
CATHODE<3>  |    8.137(F)|CKHT_BUFGP        |   0.000|
SSEG<0>     |   12.030(F)|CKHT_BUFGP        |   0.000|
SSEG<1>     |   12.042(F)|CKHT_BUFGP        |   0.000|
SSEG<2>     |   12.043(F)|CKHT_BUFGP        |   0.000|
SSEG<3>     |   11.974(F)|CKHT_BUFGP        |   0.000|
SSEG<4>     |   11.474(F)|CKHT_BUFGP        |   0.000|
SSEG<5>     |   12.123(F)|CKHT_BUFGP        |   0.000|
SSEG<6>     |   11.659(F)|CKHT_BUFGP        |   0.000|
------------+------------+------------------+--------+

Clock to Setup on destination clock CKHT
---------------+---------+---------+---------+---------+
               | Src:Rise| Src:Fall| Src:Rise| Src:Fall|
Source Clock   |Dest:Rise|Dest:Rise|Dest:Fall|Dest:Fall|
---------------+---------+---------+---------+---------+
CKHT           |         |         |         |    5.096|
---------------+---------+---------+---------+---------+


Analysis completed Thu Mar 09 07:27:37 2023 
--------------------------------------------------------------------------------

Trace Settings:
-------------------------
Trace Settings 

Peak Memory Usage: 4509 MB



