V3 47
FL C:/.Xilinx/BAI_617_DONG_HO_GPG_LCD_3KEY/CHIA_10ENA.vhd 2023/04/08.10:53:14 P.20131013
EN work/CHIA_10ENA 1680933134 \
      FL C:/.Xilinx/BAI_617_DONG_HO_GPG_LCD_3KEY/CHIA_10ENA.vhd \
      PB ieee/std_logic_1164 1381692176
AR work/CHIA_10ENA/Behavioral 1680933135 \
      FL C:/.Xilinx/BAI_617_DONG_HO_GPG_LCD_3KEY/CHIA_10ENA.vhd \
      EN work/CHIA_10ENA 1680933134
FL C:/.Xilinx/BAI_617_DONG_HO_GPG_LCD_3KEY/DEBOUNCE_BTN.vhd 2022/04/06.13:28:10 P.20131013
EN work/DEBOUNCE_BTN 1680933122 \
      FL C:/.Xilinx/BAI_617_DONG_HO_GPG_LCD_3KEY/DEBOUNCE_BTN.vhd \
      PB ieee/std_logic_1164 1381692176 PB ieee/std_logic_arith 1381692177 \
      PB ieee/STD_LOGIC_UNSIGNED 1381692179
AR work/DEBOUNCE_BTN/Behavioral 1680933123 \
      FL C:/.Xilinx/BAI_617_DONG_HO_GPG_LCD_3KEY/DEBOUNCE_BTN.vhd \
      EN work/DEBOUNCE_BTN 1680933122
FL C:/.Xilinx/BAI_617_DONG_HO_GPG_LCD_3KEY/DEM_2BIT.vhd 2023/02/22.20:18:48 P.20131013
EN work/DEM_2BIT 1680933126 \
      FL C:/.Xilinx/BAI_617_DONG_HO_GPG_LCD_3KEY/DEM_2BIT.vhd \
      PB ieee/std_logic_1164 1381692176 PB ieee/NUMERIC_STD 1381692181 \
      PB ieee/STD_LOGIC_UNSIGNED 1381692179
AR work/DEM_2BIT/Behavioral 1680933127 \
      FL C:/.Xilinx/BAI_617_DONG_HO_GPG_LCD_3KEY/DEM_2BIT.vhd EN work/DEM_2BIT 1680933126
FL C:/.Xilinx/BAI_617_DONG_HO_GPG_LCD_3KEY/DEM_GPG_3KEY.vhd 2023/04/08.12:51:55 P.20131013
EN work/DEM_GPG_3KEY 1680933136 \
      FL C:/.Xilinx/BAI_617_DONG_HO_GPG_LCD_3KEY/DEM_GPG_3KEY.vhd \
      PB ieee/std_logic_1164 1381692176 PB ieee/STD_LOGIC_UNSIGNED 1381692179 \
      PB ieee/std_logic_arith 1381692177
AR work/DEM_GPG_3KEY/Behavioral 1680933137 \
      FL C:/.Xilinx/BAI_617_DONG_HO_GPG_LCD_3KEY/DEM_GPG_3KEY.vhd \
      EN work/DEM_GPG_3KEY 1680933136 CP work/DEBOUNCE_BTN CP work/XULY_MOD \
      CP work/DEM_GPG_MUD
FL C:/.Xilinx/BAI_617_DONG_HO_GPG_LCD_3KEY/DEM_GPG_MUD.vhd 2023/04/06.13:14:42 P.20131013
EN work/DEM_GPG_MUD 1680933132 \
      FL C:/.Xilinx/BAI_617_DONG_HO_GPG_LCD_3KEY/DEM_GPG_MUD.vhd \
      PB ieee/std_logic_1164 1381692176 PB ieee/NUMERIC_STD 1381692181 \
      PB ieee/STD_LOGIC_UNSIGNED 1381692179
AR work/DEM_GPG_MUD/Behavioral 1680933133 \
      FL C:/.Xilinx/BAI_617_DONG_HO_GPG_LCD_3KEY/DEM_GPG_MUD.vhd \
      EN work/DEM_GPG_MUD 1680933132
FL C:/.Xilinx/BAI_617_DONG_HO_GPG_LCD_3KEY/DONG_HO_GPG_LCD_3KEY.vhd 2023/04/08.11:34:20 P.20131013
EN work/DONG_HO_GPG_LCD_3KEY 1680933144 \
      FL C:/.Xilinx/BAI_617_DONG_HO_GPG_LCD_3KEY/DONG_HO_GPG_LCD_3KEY.vhd \
      PB ieee/std_logic_1164 1381692176
AR work/DONG_HO_GPG_LCD_3KEY/Behavioral 1680933145 \
      FL C:/.Xilinx/BAI_617_DONG_HO_GPG_LCD_3KEY/DONG_HO_GPG_LCD_3KEY.vhd \
      EN work/DONG_HO_GPG_LCD_3KEY 1680933144 CP work/CHIA_10ENA \
      CP work/DEM_GPG_3KEY CP work/HEXTOBCD_GPG CP work/LCD_GAN_DULIEU_GPG \
      CP work/LCD_KHOITAO_HIENTHI
FL C:/.Xilinx/BAI_617_DONG_HO_GPG_LCD_3KEY/HEXTOBCD_6BIT.vhd 2023/02/14.10:33:27 P.20131013
EN work/HEXTOBCD_6BIT 1680933128 \
      FL C:/.Xilinx/BAI_617_DONG_HO_GPG_LCD_3KEY/HEXTOBCD_6BIT.vhd \
      PB ieee/std_logic_1164 1381692176 PB ieee/NUMERIC_STD 1381692181 \
      PB ieee/std_logic_arith 1381692177 PB ieee/STD_LOGIC_UNSIGNED 1381692179
AR work/HEXTOBCD_6BIT/Behavioral 1680933129 \
      FL C:/.Xilinx/BAI_617_DONG_HO_GPG_LCD_3KEY/HEXTOBCD_6BIT.vhd \
      EN work/HEXTOBCD_6BIT 1680933128
FL C:/.Xilinx/BAI_617_DONG_HO_GPG_LCD_3KEY/HEXTOBCD_GPG.vhd 2023/03/25.14:05:59 P.20131013
EN work/HEXTOBCD_GPG 1680933138 \
      FL C:/.Xilinx/BAI_617_DONG_HO_GPG_LCD_3KEY/HEXTOBCD_GPG.vhd \
      PB ieee/std_logic_1164 1381692176
AR work/HEXTOBCD_GPG/Behavioral 1680933139 \
      FL C:/.Xilinx/BAI_617_DONG_HO_GPG_LCD_3KEY/HEXTOBCD_GPG.vhd \
      EN work/HEXTOBCD_GPG 1680933138 CP work/HEXTOBCD_6BIT
FL C:/.Xilinx/BAI_617_DONG_HO_GPG_LCD_3KEY/LAM_HEP_XUNG.vhd 2023/02/22.16:38:15 P.20131013
EN work/LAM_HEP_XUNG 1680933124 \
      FL C:/.Xilinx/BAI_617_DONG_HO_GPG_LCD_3KEY/LAM_HEP_XUNG.vhd \
      PB ieee/std_logic_1164 1381692176
AR work/LAM_HEP_XUNG/Behavioral 1680933125 \
      FL C:/.Xilinx/BAI_617_DONG_HO_GPG_LCD_3KEY/LAM_HEP_XUNG.vhd \
      EN work/LAM_HEP_XUNG 1680933124
FL C:/.Xilinx/BAI_617_DONG_HO_GPG_LCD_3KEY/LCD_GAN_DULIEU_GPG.vhd 2023/04/08.11:11:40 P.20131013
EN work/LCD_GAN_DULIEU_GPG 1680933140 \
      FL C:/.Xilinx/BAI_617_DONG_HO_GPG_LCD_3KEY/LCD_GAN_DULIEU_GPG.vhd \
      PB ieee/std_logic_1164 1381692176 PB ieee/STD_LOGIC_UNSIGNED 1381692179 \
      PB ieee/std_logic_arith 1381692177
AR work/LCD_GAN_DULIEU_GPG/Behavioral 1680933141 \
      FL C:/.Xilinx/BAI_617_DONG_HO_GPG_LCD_3KEY/LCD_GAN_DULIEU_GPG.vhd \
      EN work/LCD_GAN_DULIEU_GPG 1680933140
FL C:/.Xilinx/BAI_617_DONG_HO_GPG_LCD_3KEY/LCD_KHOITAO_HIENTHI.vhd 2023/04/06.14:54:44 P.20131013
EN work/LCD_KHOITAO_HIENTHI 1680933142 \
      FL C:/.Xilinx/BAI_617_DONG_HO_GPG_LCD_3KEY/LCD_KHOITAO_HIENTHI.vhd \
      PB ieee/std_logic_1164 1381692176
AR work/LCD_KHOITAO_HIENTHI/Behavioral 1680933143 \
      FL C:/.Xilinx/BAI_617_DONG_HO_GPG_LCD_3KEY/LCD_KHOITAO_HIENTHI.vhd \
      EN work/LCD_KHOITAO_HIENTHI 1680933142
FL C:/.Xilinx/BAI_617_DONG_HO_GPG_LCD_3KEY/XULY_MOD.vhd 2023/04/08.11:21:08 P.20131013
EN work/XULY_MOD 1680933130 \
      FL C:/.Xilinx/BAI_617_DONG_HO_GPG_LCD_3KEY/XULY_MOD.vhd \
      PB ieee/std_logic_1164 1381692176
AR work/XULY_MOD/Behavioral 1680933131 \
      FL C:/.Xilinx/BAI_617_DONG_HO_GPG_LCD_3KEY/XULY_MOD.vhd EN work/XULY_MOD 1680933130 \
      CP work/DEBOUNCE_BTN CP work/LAM_HEP_XUNG CP work/DEM_2BIT
