EN dem_2bit NULL /home/ise/BT_ISE_XILINX/bai_516_dem_3so_ss_ud_4ts_xvn_ht7d_btn/dem_2bit.vhd sub00/vhpl06 1681437342
EN xoa_so_0_vn NULL /home/ise/BT_ISE_XILINX/bai_516_dem_3so_ss_ud_4ts_xvn_ht7d_btn/xoa_so_0_vn.vhd sub00/vhpl18 1681437354
EN dem_3so_ss_ud_4ts_xvn_ht7d_btn NULL /home/ise/BT_ISE_XILINX/bai_516_dem_3so_ss_ud_4ts_xvn_ht7d_btn/dem_3so_ss_ud_4ts_xvn_ht7d_btn.vhd sub00/vhpl32 1681437368
AR chia_10ena behavioral /home/ise/BT_ISE_XILINX/bai_516_dem_3so_ss_ud_4ts_xvn_ht7d_btn/chia_10ena.vhd sub00/vhpl23 1681437359
AR lam_hep_xung behavioral /home/ise/BT_ISE_XILINX/bai_516_dem_3so_ss_ud_4ts_xvn_ht7d_btn/lam_hep_xung.vhd sub00/vhpl03 1681437339
AR dem_3bit behavioral /home/ise/BT_ISE_XILINX/bai_516_dem_3so_ss_ud_4ts_xvn_ht7d_btn/dem_3bit.vhd sub00/vhpl11 1681437347
EN dem_1bit_btn NULL /home/ise/BT_ISE_XILINX/bai_516_dem_3so_ss_ud_4ts_xvn_ht7d_btn/dem_1bit_btn.vhd sub00/vhpl28 1681437364
EN giaima_38h NULL /home/ise/BT_ISE_XILINX/bai_516_dem_3so_ss_ud_4ts_xvn_ht7d_btn/giaima_38h.vhd sub00/vhpl12 1681437348
AR dem_3so_ss_ud_4ts_xvn_ht7d_btn behavioral /home/ise/BT_ISE_XILINX/bai_516_dem_3so_ss_ud_4ts_xvn_ht7d_btn/dem_3so_ss_ud_4ts_xvn_ht7d_btn.vhd sub00/vhpl33 1681437369
EN bounce_btn NULL /home/ise/BT_ISE_XILINX/bai_516_dem_3so_ss_ud_4ts_xvn_ht7d_btn/bounce_btn.vhd sub00/vhpl00 1681437336
AR dem_3so_ssud behavioral /home/ise/BT_ISE_XILINX/bai_516_dem_3so_ss_ud_4ts_xvn_ht7d_btn/dem_3so_ssud.vhd sub00/vhpl25 1681437361
AR giaima_38h behavioral /home/ise/BT_ISE_XILINX/bai_516_dem_3so_ss_ud_4ts_xvn_ht7d_btn/giaima_38h.vhd sub00/vhpl13 1681437349
AR dem_1bit_btn behavioral /home/ise/BT_ISE_XILINX/bai_516_dem_3so_ss_ud_4ts_xvn_ht7d_btn/dem_1bit_btn.vhd sub00/vhpl29 1681437365
EN dem_3so_ssud NULL /home/ise/BT_ISE_XILINX/bai_516_dem_3so_ss_ud_4ts_xvn_ht7d_btn/dem_3so_ssud.vhd sub00/vhpl24 1681437360
AR xoa_so_0_vn behavioral /home/ise/BT_ISE_XILINX/bai_516_dem_3so_ss_ud_4ts_xvn_ht7d_btn/xoa_so_0_vn.vhd sub00/vhpl19 1681437355
EN dem_1bit NULL /home/ise/BT_ISE_XILINX/bai_516_dem_3so_ss_ud_4ts_xvn_ht7d_btn/dem_1bit.vhd sub00/vhpl08 1681437344
AR gm_ht_8led behavioral /home/ise/BT_ISE_XILINX/bai_516_dem_3so_ss_ud_4ts_xvn_ht7d_btn/gm_ht_8led.vhd sub00/vhpl27 1681437363
AR bounce_btn behavioral /home/ise/BT_ISE_XILINX/bai_516_dem_3so_ss_ud_4ts_xvn_ht7d_btn/bounce_btn.vhd sub00/vhpl01 1681437337
EN ht_4tanso NULL /home/ise/BT_ISE_XILINX/bai_516_dem_3so_ss_ud_4ts_xvn_ht7d_btn/ht_4tanso.vhd sub00/vhpl20 1681437356
AR giaima_7doan_ena behavioral /home/ise/BT_ISE_XILINX/bai_516_dem_3so_ss_ud_4ts_xvn_ht7d_btn/giaima_7doan_ena.vhd sub00/vhpl17 1681437353
AR dem_1bit behavioral /home/ise/BT_ISE_XILINX/bai_516_dem_3so_ss_ud_4ts_xvn_ht7d_btn/dem_1bit.vhd sub00/vhpl09 1681437345
AR cd_lam_hep_btn behavioral /home/ise/BT_ISE_XILINX/bai_516_dem_3so_ss_ud_4ts_xvn_ht7d_btn/cd_lam_hep_btn.vhd sub00/vhpl05 1681437341
AR dem_2bit_btn behavioral /home/ise/BT_ISE_XILINX/bai_516_dem_3so_ss_ud_4ts_xvn_ht7d_btn/dem_2bit_btn.vhd sub00/vhpl31 1681437367
EN gm_ht_8led NULL /home/ise/BT_ISE_XILINX/bai_516_dem_3so_ss_ud_4ts_xvn_ht7d_btn/gm_ht_8led.vhd sub00/vhpl26 1681437362
EN dahop_8kenh NULL /home/ise/BT_ISE_XILINX/bai_516_dem_3so_ss_ud_4ts_xvn_ht7d_btn/dahop_8kenh.vhd sub00/vhpl14 1681437350
EN giaima_7doan_ena NULL /home/ise/BT_ISE_XILINX/bai_516_dem_3so_ss_ud_4ts_xvn_ht7d_btn/giaima_7doan_ena.vhd sub00/vhpl16 1681437352
EN dem_3bit NULL /home/ise/BT_ISE_XILINX/bai_516_dem_3so_ss_ud_4ts_xvn_ht7d_btn/dem_3bit.vhd sub00/vhpl10 1681437346
EN lam_hep_xung NULL /home/ise/BT_ISE_XILINX/bai_516_dem_3so_ss_ud_4ts_xvn_ht7d_btn/lam_hep_xung.vhd sub00/vhpl02 1681437338
AR dahop_8kenh behavioral /home/ise/BT_ISE_XILINX/bai_516_dem_3so_ss_ud_4ts_xvn_ht7d_btn/dahop_8kenh.vhd sub00/vhpl15 1681437351
AR ht_4tanso behavioral /home/ise/BT_ISE_XILINX/bai_516_dem_3so_ss_ud_4ts_xvn_ht7d_btn/ht_4tanso.vhd sub00/vhpl21 1681437357
AR dem_2bit behavioral /home/ise/BT_ISE_XILINX/bai_516_dem_3so_ss_ud_4ts_xvn_ht7d_btn/dem_2bit.vhd sub00/vhpl07 1681437343
EN chia_10ena NULL /home/ise/BT_ISE_XILINX/bai_516_dem_3so_ss_ud_4ts_xvn_ht7d_btn/chia_10ena.vhd sub00/vhpl22 1681437358
EN cd_lam_hep_btn NULL /home/ise/BT_ISE_XILINX/bai_516_dem_3so_ss_ud_4ts_xvn_ht7d_btn/cd_lam_hep_btn.vhd sub00/vhpl04 1681437340
EN dem_2bit_btn NULL /home/ise/BT_ISE_XILINX/bai_516_dem_3so_ss_ud_4ts_xvn_ht7d_btn/dem_2bit_btn.vhd sub00/vhpl30 1681437366
