V3 67
FL /home/ise/BT_ISE_XILINX/bai_516_dem_3so_ss_ud_4ts_xvn_ht7d_btn/bounce_btn.vhd 2023/03/07.02:59:37 P.20131013
EN work/bounce_btn 1681437336 \
      FL /home/ise/BT_ISE_XILINX/bai_516_dem_3so_ss_ud_4ts_xvn_ht7d_btn/bounce_btn.vhd \
      PB ieee/std_logic_1164 1381692176 PB ieee/STD_LOGIC_UNSIGNED 1381692179 \
      PB ieee/NUMERIC_STD 1381692181
AR work/bounce_btn/Behavioral 1681437337 \
      FL /home/ise/BT_ISE_XILINX/bai_516_dem_3so_ss_ud_4ts_xvn_ht7d_btn/bounce_btn.vhd \
      EN work/bounce_btn 1681437336
FL /home/ise/BT_ISE_XILINX/bai_516_dem_3so_ss_ud_4ts_xvn_ht7d_btn/cd_lam_hep_btn.vhd 2023/03/07.03:14:19 P.20131013
EN work/cd_lam_hep_btn 1681437340 \
      FL /home/ise/BT_ISE_XILINX/bai_516_dem_3so_ss_ud_4ts_xvn_ht7d_btn/cd_lam_hep_btn.vhd \
      PB ieee/std_logic_1164 1381692176
AR work/cd_lam_hep_btn/Behavioral 1681437341 \
      FL /home/ise/BT_ISE_XILINX/bai_516_dem_3so_ss_ud_4ts_xvn_ht7d_btn/cd_lam_hep_btn.vhd \
      EN work/cd_lam_hep_btn 1681437340 CP work/bounce_btn CP work/lam_hep_xung
FL /home/ise/BT_ISE_XILINX/bai_516_dem_3so_ss_ud_4ts_xvn_ht7d_btn/chia_10ena.vhd 2023/04/11.02:11:21 P.20131013
EN work/chia_10ena 1681437358 \
      FL /home/ise/BT_ISE_XILINX/bai_516_dem_3so_ss_ud_4ts_xvn_ht7d_btn/chia_10ena.vhd \
      PB ieee/std_logic_1164 1381692176
AR work/chia_10ena/Behavioral 1681437359 \
      FL /home/ise/BT_ISE_XILINX/bai_516_dem_3so_ss_ud_4ts_xvn_ht7d_btn/chia_10ena.vhd \
      EN work/chia_10ena 1681437358
FL /home/ise/BT_ISE_XILINX/bai_516_dem_3so_ss_ud_4ts_xvn_ht7d_btn/dahop_8kenh.vhd 2023/04/11.02:25:40 P.20131013
EN work/dahop_8kenh 1681437350 \
      FL /home/ise/BT_ISE_XILINX/bai_516_dem_3so_ss_ud_4ts_xvn_ht7d_btn/dahop_8kenh.vhd \
      PB ieee/std_logic_1164 1381692176
AR work/dahop_8kenh/Behavioral 1681437351 \
      FL /home/ise/BT_ISE_XILINX/bai_516_dem_3so_ss_ud_4ts_xvn_ht7d_btn/dahop_8kenh.vhd \
      EN work/dahop_8kenh 1681437350
FL /home/ise/BT_ISE_XILINX/bai_516_dem_3so_ss_ud_4ts_xvn_ht7d_btn/dem_1bit.vhd 2023/03/07.02:56:46 P.20131013
EN work/dem_1bit 1681437344 \
      FL /home/ise/BT_ISE_XILINX/bai_516_dem_3so_ss_ud_4ts_xvn_ht7d_btn/dem_1bit.vhd \
      PB ieee/std_logic_1164 1381692176
AR work/dem_1bit/Behavioral 1681437345 \
      FL /home/ise/BT_ISE_XILINX/bai_516_dem_3so_ss_ud_4ts_xvn_ht7d_btn/dem_1bit.vhd \
      EN work/dem_1bit 1681437344
FL /home/ise/BT_ISE_XILINX/bai_516_dem_3so_ss_ud_4ts_xvn_ht7d_btn/dem_1bit_btn.vhd 2023/03/07.03:14:54 P.20131013
EN work/dem_1bit_btn 1681437364 \
      FL /home/ise/BT_ISE_XILINX/bai_516_dem_3so_ss_ud_4ts_xvn_ht7d_btn/dem_1bit_btn.vhd \
      PB ieee/std_logic_1164 1381692176
AR work/dem_1bit_btn/Behavioral 1681437365 \
      FL /home/ise/BT_ISE_XILINX/bai_516_dem_3so_ss_ud_4ts_xvn_ht7d_btn/dem_1bit_btn.vhd \
      EN work/dem_1bit_btn 1681437364 CP work/cd_lam_hep_btn CP work/dem_1bit
FL /home/ise/BT_ISE_XILINX/bai_516_dem_3so_ss_ud_4ts_xvn_ht7d_btn/dem_2bit.vhd 2023/04/14.01:50:48 P.20131013
EN work/dem_2bit 1681437342 \
      FL /home/ise/BT_ISE_XILINX/bai_516_dem_3so_ss_ud_4ts_xvn_ht7d_btn/dem_2bit.vhd \
      PB ieee/std_logic_1164 1381692176 PB ieee/NUMERIC_STD 1381692181 \
      PB ieee/STD_LOGIC_UNSIGNED 1381692179
AR work/dem_2bit/Behavioral 1681437343 \
      FL /home/ise/BT_ISE_XILINX/bai_516_dem_3so_ss_ud_4ts_xvn_ht7d_btn/dem_2bit.vhd \
      EN work/dem_2bit 1681437342
FL /home/ise/BT_ISE_XILINX/bai_516_dem_3so_ss_ud_4ts_xvn_ht7d_btn/dem_2bit_btn.vhd 2023/04/14.01:47:15 P.20131013
EN work/dem_2bit_btn 1681437366 \
      FL /home/ise/BT_ISE_XILINX/bai_516_dem_3so_ss_ud_4ts_xvn_ht7d_btn/dem_2bit_btn.vhd \
      PB ieee/std_logic_1164 1381692176
AR work/dem_2bit_btn/Behavioral 1681437367 \
      FL /home/ise/BT_ISE_XILINX/bai_516_dem_3so_ss_ud_4ts_xvn_ht7d_btn/dem_2bit_btn.vhd \
      EN work/dem_2bit_btn 1681437366 CP work/cd_lam_hep_btn CP work/dem_2bit
FL /home/ise/BT_ISE_XILINX/bai_516_dem_3so_ss_ud_4ts_xvn_ht7d_btn/dem_3bit.vhd 2023/04/11.02:20:02 P.20131013
EN work/dem_3bit 1681437346 \
      FL /home/ise/BT_ISE_XILINX/bai_516_dem_3so_ss_ud_4ts_xvn_ht7d_btn/dem_3bit.vhd \
      PB ieee/std_logic_1164 1381692176 PB ieee/NUMERIC_STD 1381692181 \
      PB ieee/STD_LOGIC_UNSIGNED 1381692179
AR work/dem_3bit/Behavioral 1681437347 \
      FL /home/ise/BT_ISE_XILINX/bai_516_dem_3so_ss_ud_4ts_xvn_ht7d_btn/dem_3bit.vhd \
      EN work/dem_3bit 1681437346
FL /home/ise/BT_ISE_XILINX/bai_516_dem_3so_ss_ud_4ts_xvn_ht7d_btn/dem_3so_ssud.vhd 2023/04/11.02:13:34 P.20131013
EN work/dem_3so_ssud 1681437360 \
      FL /home/ise/BT_ISE_XILINX/bai_516_dem_3so_ss_ud_4ts_xvn_ht7d_btn/dem_3so_ssud.vhd \
      PB ieee/std_logic_1164 1381692176 PB ieee/NUMERIC_STD 1381692181 \
      PB ieee/STD_LOGIC_UNSIGNED 1381692179
AR work/dem_3so_ssud/Behavioral 1681437361 \
      FL /home/ise/BT_ISE_XILINX/bai_516_dem_3so_ss_ud_4ts_xvn_ht7d_btn/dem_3so_ssud.vhd \
      EN work/dem_3so_ssud 1681437360
FL /home/ise/BT_ISE_XILINX/bai_516_dem_3so_ss_ud_4ts_xvn_ht7d_btn/dem_3so_ss_ud_4ts_xvn_ht7d_btn.vhd 2023/04/14.01:55:25 P.20131013
EN work/dem_3so_ss_ud_4ts_xvn_ht7d_btn 1681437368 \
      FL /home/ise/BT_ISE_XILINX/bai_516_dem_3so_ss_ud_4ts_xvn_ht7d_btn/dem_3so_ss_ud_4ts_xvn_ht7d_btn.vhd \
      PB ieee/std_logic_1164 1381692176
AR work/dem_3so_ss_ud_4ts_xvn_ht7d_btn/Behavioral 1681437369 \
      FL /home/ise/BT_ISE_XILINX/bai_516_dem_3so_ss_ud_4ts_xvn_ht7d_btn/dem_3so_ss_ud_4ts_xvn_ht7d_btn.vhd \
      EN work/dem_3so_ss_ud_4ts_xvn_ht7d_btn 1681437368 CP work/xoa_so_0_vn \
      CP work/ht_4tanso CP work/chia_10ena CP work/dem_3so_ssud CP work/gm_ht_8led \
      CP work/dem_1bit_btn CP work/dem_2bit_btn
FL /home/ise/BT_ISE_XILINX/bai_516_dem_3so_ss_ud_4ts_xvn_ht7d_btn/giaima_38h.vhd 2023/04/11.02:22:07 P.20131013
EN work/giaima_38h 1681437348 \
      FL /home/ise/BT_ISE_XILINX/bai_516_dem_3so_ss_ud_4ts_xvn_ht7d_btn/giaima_38h.vhd \
      PB ieee/std_logic_1164 1381692176
AR work/giaima_38h/Behavioral 1681437349 \
      FL /home/ise/BT_ISE_XILINX/bai_516_dem_3so_ss_ud_4ts_xvn_ht7d_btn/giaima_38h.vhd \
      EN work/giaima_38h 1681437348
FL /home/ise/BT_ISE_XILINX/bai_516_dem_3so_ss_ud_4ts_xvn_ht7d_btn/giaima_7doan_ena.vhd 2023/04/11.02:26:58 P.20131013
EN work/giaima_7doan_ena 1681437352 \
      FL /home/ise/BT_ISE_XILINX/bai_516_dem_3so_ss_ud_4ts_xvn_ht7d_btn/giaima_7doan_ena.vhd \
      PB ieee/std_logic_1164 1381692176
AR work/giaima_7doan_ena/Behavioral 1681437353 \
      FL /home/ise/BT_ISE_XILINX/bai_516_dem_3so_ss_ud_4ts_xvn_ht7d_btn/giaima_7doan_ena.vhd \
      EN work/giaima_7doan_ena 1681437352
FL /home/ise/BT_ISE_XILINX/bai_516_dem_3so_ss_ud_4ts_xvn_ht7d_btn/gm_ht_8led.vhd 2023/04/11.02:16:36 P.20131013
EN work/gm_ht_8led 1681437362 \
      FL /home/ise/BT_ISE_XILINX/bai_516_dem_3so_ss_ud_4ts_xvn_ht7d_btn/gm_ht_8led.vhd \
      PB ieee/std_logic_1164 1381692176
AR work/gm_ht_8led/Behavioral 1681437363 \
      FL /home/ise/BT_ISE_XILINX/bai_516_dem_3so_ss_ud_4ts_xvn_ht7d_btn/gm_ht_8led.vhd \
      EN work/gm_ht_8led 1681437362 CP work/dem_3bit CP work/giaima_38h \
      CP work/dahop_8kenh CP work/giaima_7doan_ena
FL /home/ise/BT_ISE_XILINX/bai_516_dem_3so_ss_ud_4ts_xvn_ht7d_btn/ht_4tanso.vhd 2023/04/11.02:09:40 P.20131013
EN work/ht_4tanso 1681437356 \
      FL /home/ise/BT_ISE_XILINX/bai_516_dem_3so_ss_ud_4ts_xvn_ht7d_btn/ht_4tanso.vhd \
      PB ieee/std_logic_1164 1381692176
AR work/ht_4tanso/Behavioral 1681437357 \
      FL /home/ise/BT_ISE_XILINX/bai_516_dem_3so_ss_ud_4ts_xvn_ht7d_btn/ht_4tanso.vhd \
      EN work/ht_4tanso 1681437356
FL /home/ise/BT_ISE_XILINX/bai_516_dem_3so_ss_ud_4ts_xvn_ht7d_btn/lam_hep_xung.vhd 2023/03/07.02:55:54 P.20131013
EN work/lam_hep_xung 1681437338 \
      FL /home/ise/BT_ISE_XILINX/bai_516_dem_3so_ss_ud_4ts_xvn_ht7d_btn/lam_hep_xung.vhd \
      PB ieee/std_logic_1164 1381692176
AR work/lam_hep_xung/Behavioral 1681437339 \
      FL /home/ise/BT_ISE_XILINX/bai_516_dem_3so_ss_ud_4ts_xvn_ht7d_btn/lam_hep_xung.vhd \
      EN work/lam_hep_xung 1681437338
FL /home/ise/BT_ISE_XILINX/bai_516_dem_3so_ss_ud_4ts_xvn_ht7d_btn/xoa_so_0_vn.vhd 2023/04/11.02:07:35 P.20131013
EN work/xoa_so_0_vn 1681437354 \
      FL /home/ise/BT_ISE_XILINX/bai_516_dem_3so_ss_ud_4ts_xvn_ht7d_btn/xoa_so_0_vn.vhd \
      PB ieee/std_logic_1164 1381692176
AR work/xoa_so_0_vn/Behavioral 1681437355 \
      FL /home/ise/BT_ISE_XILINX/bai_516_dem_3so_ss_ud_4ts_xvn_ht7d_btn/xoa_so_0_vn.vhd \
      EN work/xoa_so_0_vn 1681437354
