EN giaima_led_7doan_ena_dp NULL /home/ise/BT_ISE_XILINX/bai_343_giaima_7doan_ena_dp/giaima_led_7doan_ena_dp.vhd sub00/vhpl02 1676258422
AR giaima_7doan_ena behavioral /home/ise/BT_ISE_XILINX/bai_343_giaima_7doan_ena_dp/giaima_7doan_ena.vhd sub00/vhpl01 1676258421
AR giaima_led_7doan_ena_dp behavioral /home/ise/BT_ISE_XILINX/bai_343_giaima_7doan_ena_dp/giaima_led_7doan_ena_dp.vhd sub00/vhpl03 1676258423
EN giaima_7doan_ena NULL /home/ise/BT_ISE_XILINX/bai_343_giaima_7doan_ena_dp/giaima_7doan_ena.vhd sub00/vhpl00 1676258420
