V3 83
FL C:/.Xilinx/BAI_618_DONG_HO_GPG_3KEY_NN/RESET_GT_MOD.vhd 2023/04/08.13:12:54 P.20131013
EN work/RESET_GT_MOD 1681358718 \
      FL C:/.Xilinx/BAI_618_DONG_HO_GPG_3KEY_NN/RESET_GT_MOD.vhd \
      PB ieee/std_logic_1164 1381692176 PB ieee/STD_LOGIC_UNSIGNED 1381692179 \
      PB ieee/std_logic_arith 1381692177
AR work/RESET_GT_MOD/Behavioral 1681358719 \
      FL C:/.Xilinx/BAI_618_DONG_HO_GPG_3KEY_NN/RESET_GT_MOD.vhd \
      EN work/RESET_GT_MOD 1681358718
FL C:/.Xilinx/BAI_619_DONG_HO_GPG_LCD_NN_BELL/BELL_BIP.vhd 2023/03/23.13:18:29 P.20131013
FL C:/.Xilinx/BAI_619_DONG_HO_GPG_LCD_NN_BELL/CHIA_10ENA.vhd 2023/04/08.13:05:37 P.20131013
FL C:/.Xilinx/BAI_619_DONG_HO_GPG_LCD_NN_BELL/DEBOUNCE_BTN.vhd 2022/04/06.13:28:10 P.20131013
FL C:/.Xilinx/BAI_619_DONG_HO_GPG_LCD_NN_BELL/DEM_2BIT.vhd 2023/02/22.20:18:48 P.20131013
FL C:/.Xilinx/BAI_619_DONG_HO_GPG_LCD_NN_BELL/DEM_GPG_3KEY_NN.vhd 2023/04/13.09:36:13 P.20131013
FL C:/.Xilinx/BAI_619_DONG_HO_GPG_LCD_NN_BELL/DEM_GPG_MUD.vhd 2023/04/06.13:14:42 P.20131013
FL C:/.Xilinx/BAI_619_DONG_HO_GPG_LCD_NN_BELL/DONG_HO_GPG_LCD_3KEY_NN_BELL.vhd 2023/04/13.09:35:58 P.20131013
EN work/DONG_HO_GPG_LCD_3KEY_NN_BELL 1681353405 \
      FL C:/.Xilinx/BAI_619_DONG_HO_GPG_LCD_NN_BELL/DONG_HO_GPG_LCD_3KEY_NN_BELL.vhd \
      PB ieee/std_logic_1164 1381692176
AR work/DONG_HO_GPG_LCD_3KEY_NN_BELL/Behavioral 1681353406 \
      FL C:/.Xilinx/BAI_619_DONG_HO_GPG_LCD_NN_BELL/DONG_HO_GPG_LCD_3KEY_NN_BELL.vhd \
      EN work/DONG_HO_GPG_LCD_3KEY_NN_BELL 1681353405 CP work/CHIA_10ENA \
      CP work/DEM_GPG_3KEY_NN CP work/HEXTOBCD_GPG CP work/LCD_GAN_DULIEU_GPG_NN \
      CP work/LCD_KHOITAO_HIENTHI CP work/BELL_BIP
FL C:/.Xilinx/BAI_619_DONG_HO_GPG_LCD_NN_BELL/HEXTOBCD_6BIT.vhd 2023/02/14.10:33:27 P.20131013
FL C:/.Xilinx/BAI_619_DONG_HO_GPG_LCD_NN_BELL/HEXTOBCD_GPG.vhd 2023/03/25.14:05:59 P.20131013
FL C:/.Xilinx/BAI_619_DONG_HO_GPG_LCD_NN_BELL/LAM_HEP_XUNG.vhd 2023/02/22.16:38:15 P.20131013
FL C:/.Xilinx/BAI_619_DONG_HO_GPG_LCD_NN_BELL/LCD_GAN_DULIEU_GPG_NN.vhd 2023/04/08.13:49:07 P.20131013
FL C:/.Xilinx/BAI_619_DONG_HO_GPG_LCD_NN_BELL/LCD_KHOITAO_HIENTHI.vhd 2023/04/06.14:54:44 P.20131013
FL C:/.Xilinx/BAI_619_DONG_HO_GPG_LCD_NN_BELL/SS_PHUT_XBELL.vhd 2023/04/13.09:27:17 P.20131013
FL C:/.Xilinx/BAI_619_DONG_HO_GPG_LCD_NN_BELL/XULY_MOD.vhd 2023/04/08.11:21:08 P.20131013
FL C:/.Xilinx/BAI_621_DONG_HO_GPG_LCD_NN_BELL_DHT1/BELL_BIP.vhd 2023/03/23.13:18:29 P.20131013
EN work/BELL_BIP 1681358728 \
      FL C:/.Xilinx/BAI_621_DONG_HO_GPG_LCD_NN_BELL_DHT1/BELL_BIP.vhd \
      PB ieee/std_logic_1164 1381692176
AR work/BELL_BIP/Behavioral 1681358729 \
      FL C:/.Xilinx/BAI_621_DONG_HO_GPG_LCD_NN_BELL_DHT1/BELL_BIP.vhd \
      EN work/BELL_BIP 1681358728
FL C:/.Xilinx/BAI_621_DONG_HO_GPG_LCD_NN_BELL_DHT1/CHIA_10ENA.vhd 2023/04/08.13:05:37 P.20131013
EN work/CHIA_10ENA 1681358722 \
      FL C:/.Xilinx/BAI_621_DONG_HO_GPG_LCD_NN_BELL_DHT1/CHIA_10ENA.vhd \
      PB ieee/std_logic_1164 1381692176
AR work/CHIA_10ENA/Behavioral 1681358723 \
      FL C:/.Xilinx/BAI_621_DONG_HO_GPG_LCD_NN_BELL_DHT1/CHIA_10ENA.vhd \
      EN work/CHIA_10ENA 1681358722
FL C:/.Xilinx/BAI_621_DONG_HO_GPG_LCD_NN_BELL_DHT1/DEBOUNCE_BTN.vhd 2022/04/06.13:28:10 P.20131013
EN work/DEBOUNCE_BTN 1681358706 \
      FL C:/.Xilinx/BAI_621_DONG_HO_GPG_LCD_NN_BELL_DHT1/DEBOUNCE_BTN.vhd \
      PB ieee/std_logic_1164 1381692176 PB ieee/std_logic_arith 1381692177 \
      PB ieee/STD_LOGIC_UNSIGNED 1381692179
AR work/DEBOUNCE_BTN/Behavioral 1681358707 \
      FL C:/.Xilinx/BAI_621_DONG_HO_GPG_LCD_NN_BELL_DHT1/DEBOUNCE_BTN.vhd \
      EN work/DEBOUNCE_BTN 1681358706
FL C:/.Xilinx/BAI_621_DONG_HO_GPG_LCD_NN_BELL_DHT1/DEM_2BIT.vhd 2023/02/22.20:18:48 P.20131013
EN work/DEM_2BIT 1681358710 \
      FL C:/.Xilinx/BAI_621_DONG_HO_GPG_LCD_NN_BELL_DHT1/DEM_2BIT.vhd \
      PB ieee/std_logic_1164 1381692176 PB ieee/NUMERIC_STD 1381692181 \
      PB ieee/STD_LOGIC_UNSIGNED 1381692179
AR work/DEM_2BIT/Behavioral 1681358711 \
      FL C:/.Xilinx/BAI_621_DONG_HO_GPG_LCD_NN_BELL_DHT1/DEM_2BIT.vhd \
      EN work/DEM_2BIT 1681358710
FL C:/.Xilinx/BAI_621_DONG_HO_GPG_LCD_NN_BELL_DHT1/DEM_GPG_3KEY_NN.vhd 2023/04/13.09:36:13 P.20131013
EN work/DEM_GPG_3KEY_NN 1681358724 \
      FL C:/.Xilinx/BAI_621_DONG_HO_GPG_LCD_NN_BELL_DHT1/DEM_GPG_3KEY_NN.vhd \
      PB ieee/std_logic_1164 1381692176
AR work/DEM_GPG_3KEY_NN/Behavioral 1681358725 \
      FL C:/.Xilinx/BAI_621_DONG_HO_GPG_LCD_NN_BELL_DHT1/DEM_GPG_3KEY_NN.vhd \
      EN work/DEM_GPG_3KEY_NN 1681358724 CP work/DEBOUNCE_BTN CP work/XULY_MOD \
      CP work/SS_PHUT_XBELL CP work/RESET_GT_MOD CP work/DEM_GPG_MUD
FL C:/.Xilinx/BAI_621_DONG_HO_GPG_LCD_NN_BELL_DHT1/DEM_GPG_MUD.vhd 2023/04/06.13:14:42 P.20131013
EN work/DEM_GPG_MUD 1681358720 \
      FL C:/.Xilinx/BAI_621_DONG_HO_GPG_LCD_NN_BELL_DHT1/DEM_GPG_MUD.vhd \
      PB ieee/std_logic_1164 1381692176 PB ieee/NUMERIC_STD 1381692181 \
      PB ieee/STD_LOGIC_UNSIGNED 1381692179
AR work/DEM_GPG_MUD/Behavioral 1681358721 \
      FL C:/.Xilinx/BAI_621_DONG_HO_GPG_LCD_NN_BELL_DHT1/DEM_GPG_MUD.vhd \
      EN work/DEM_GPG_MUD 1681358720
FL C:/.Xilinx/BAI_621_DONG_HO_GPG_LCD_NN_BELL_DHT1/DHT11_HUMI_TEMP.vhd 2022/06/02.17:57:15 P.20131013
EN work/DHT11_HUMI_TEMP 1681358730 \
      FL C:/.Xilinx/BAI_621_DONG_HO_GPG_LCD_NN_BELL_DHT1/DHT11_HUMI_TEMP.vhd \
      PB ieee/std_logic_1164 1381692176
AR work/DHT11_HUMI_TEMP/Behavioral 1681358731 \
      FL C:/.Xilinx/BAI_621_DONG_HO_GPG_LCD_NN_BELL_DHT1/DHT11_HUMI_TEMP.vhd \
      EN work/DHT11_HUMI_TEMP 1681358730
FL C:/.Xilinx/BAI_621_DONG_HO_GPG_LCD_NN_BELL_DHT1/DONG_HO_GPG_LCD_NN_BELL_DHT11.vhd 2023/04/13.11:05:03 P.20131013
EN work/DONG_HO_GPG_LCD_NN_BELL_DHT11 1681358738 \
      FL C:/.Xilinx/BAI_621_DONG_HO_GPG_LCD_NN_BELL_DHT1/DONG_HO_GPG_LCD_NN_BELL_DHT11.vhd \
      PB ieee/std_logic_1164 1381692176 PB ieee/STD_LOGIC_UNSIGNED 1381692179 \
      PB ieee/std_logic_arith 1381692177
AR work/DONG_HO_GPG_LCD_NN_BELL_DHT11/Behavioral 1681358739 \
      FL C:/.Xilinx/BAI_621_DONG_HO_GPG_LCD_NN_BELL_DHT1/DONG_HO_GPG_LCD_NN_BELL_DHT11.vhd \
      EN work/DONG_HO_GPG_LCD_NN_BELL_DHT11 1681358738 CP work/CHIA_10ENA \
      CP work/DEM_GPG_3KEY_NN CP work/HEXTOBCD_GPG CP work/BELL_BIP \
      CP work/DHT11_HUMI_TEMP CP work/HEXTOBCD_8BIT CP work/LCD_GAN_DULIEU_GPG_NN \
      CP work/LCD_KHOITAO_HIENTHI
FL C:/.Xilinx/BAI_621_DONG_HO_GPG_LCD_NN_BELL_DHT1/HEXTOBCD_6BIT.vhd 2023/02/14.10:33:27 P.20131013
EN work/HEXTOBCD_6BIT 1681358712 \
      FL C:/.Xilinx/BAI_621_DONG_HO_GPG_LCD_NN_BELL_DHT1/HEXTOBCD_6BIT.vhd \
      PB ieee/std_logic_1164 1381692176 PB ieee/NUMERIC_STD 1381692181 \
      PB ieee/std_logic_arith 1381692177 PB ieee/STD_LOGIC_UNSIGNED 1381692179
AR work/HEXTOBCD_6BIT/Behavioral 1681358713 \
      FL C:/.Xilinx/BAI_621_DONG_HO_GPG_LCD_NN_BELL_DHT1/HEXTOBCD_6BIT.vhd \
      EN work/HEXTOBCD_6BIT 1681358712
FL C:/.Xilinx/BAI_621_DONG_HO_GPG_LCD_NN_BELL_DHT1/HEXTOBCD_8BIT.vhd 2023/02/14.10:34:14 P.20131013
EN work/HEXTOBCD_8BIT 1681358732 \
      FL C:/.Xilinx/BAI_621_DONG_HO_GPG_LCD_NN_BELL_DHT1/HEXTOBCD_8BIT.vhd \
      PB ieee/std_logic_1164 1381692176 PB ieee/NUMERIC_STD 1381692181 \
      PB ieee/std_logic_arith 1381692177 PB ieee/STD_LOGIC_UNSIGNED 1381692179
AR work/HEXTOBCD_8BIT/Behavioral 1681358733 \
      FL C:/.Xilinx/BAI_621_DONG_HO_GPG_LCD_NN_BELL_DHT1/HEXTOBCD_8BIT.vhd \
      EN work/HEXTOBCD_8BIT 1681358732
FL C:/.Xilinx/BAI_621_DONG_HO_GPG_LCD_NN_BELL_DHT1/HEXTOBCD_GPG.vhd 2023/03/25.14:05:59 P.20131013
EN work/HEXTOBCD_GPG 1681358726 \
      FL C:/.Xilinx/BAI_621_DONG_HO_GPG_LCD_NN_BELL_DHT1/HEXTOBCD_GPG.vhd \
      PB ieee/std_logic_1164 1381692176
AR work/HEXTOBCD_GPG/Behavioral 1681358727 \
      FL C:/.Xilinx/BAI_621_DONG_HO_GPG_LCD_NN_BELL_DHT1/HEXTOBCD_GPG.vhd \
      EN work/HEXTOBCD_GPG 1681358726 CP work/HEXTOBCD_6BIT
FL C:/.Xilinx/BAI_621_DONG_HO_GPG_LCD_NN_BELL_DHT1/LAM_HEP_XUNG.vhd 2023/02/22.16:38:15 P.20131013
EN work/LAM_HEP_XUNG 1681358708 \
      FL C:/.Xilinx/BAI_621_DONG_HO_GPG_LCD_NN_BELL_DHT1/LAM_HEP_XUNG.vhd \
      PB ieee/std_logic_1164 1381692176
AR work/LAM_HEP_XUNG/Behavioral 1681358709 \
      FL C:/.Xilinx/BAI_621_DONG_HO_GPG_LCD_NN_BELL_DHT1/LAM_HEP_XUNG.vhd \
      EN work/LAM_HEP_XUNG 1681358708
FL C:/.Xilinx/BAI_621_DONG_HO_GPG_LCD_NN_BELL_DHT1/LCD_GAN_DULIEU_GPG_NN.vhd 2023/04/13.11:05:03 P.20131013
EN work/LCD_GAN_DULIEU_GPG_NN 1681358734 \
      FL C:/.Xilinx/BAI_621_DONG_HO_GPG_LCD_NN_BELL_DHT1/LCD_GAN_DULIEU_GPG_NN.vhd \
      PB ieee/std_logic_1164 1381692176 PB ieee/STD_LOGIC_UNSIGNED 1381692179 \
      PB ieee/std_logic_arith 1381692177
AR work/LCD_GAN_DULIEU_GPG_NN/Behavioral 1681358735 \
      FL C:/.Xilinx/BAI_621_DONG_HO_GPG_LCD_NN_BELL_DHT1/LCD_GAN_DULIEU_GPG_NN.vhd \
      EN work/LCD_GAN_DULIEU_GPG_NN 1681358734
FL C:/.Xilinx/BAI_621_DONG_HO_GPG_LCD_NN_BELL_DHT1/LCD_KHOITAO_HIENTHI.vhd 2023/04/06.14:54:44 P.20131013
EN work/LCD_KHOITAO_HIENTHI 1681358736 \
      FL C:/.Xilinx/BAI_621_DONG_HO_GPG_LCD_NN_BELL_DHT1/LCD_KHOITAO_HIENTHI.vhd \
      PB ieee/std_logic_1164 1381692176
AR work/LCD_KHOITAO_HIENTHI/Behavioral 1681358737 \
      FL C:/.Xilinx/BAI_621_DONG_HO_GPG_LCD_NN_BELL_DHT1/LCD_KHOITAO_HIENTHI.vhd \
      EN work/LCD_KHOITAO_HIENTHI 1681358736
FL C:/.Xilinx/BAI_621_DONG_HO_GPG_LCD_NN_BELL_DHT1/SS_PHUT_XBELL.vhd 2023/04/13.09:27:17 P.20131013
EN work/SS_PHUT_XBELL 1681358716 \
      FL C:/.Xilinx/BAI_621_DONG_HO_GPG_LCD_NN_BELL_DHT1/SS_PHUT_XBELL.vhd \
      PB ieee/std_logic_1164 1381692176
AR work/SS_PHUT_XBELL/Behavioral 1681358717 \
      FL C:/.Xilinx/BAI_621_DONG_HO_GPG_LCD_NN_BELL_DHT1/SS_PHUT_XBELL.vhd \
      EN work/SS_PHUT_XBELL 1681358716
FL C:/.Xilinx/BAI_621_DONG_HO_GPG_LCD_NN_BELL_DHT1/XULY_MOD.vhd 2023/04/08.11:21:08 P.20131013
EN work/XULY_MOD 1681358714 \
      FL C:/.Xilinx/BAI_621_DONG_HO_GPG_LCD_NN_BELL_DHT1/XULY_MOD.vhd \
      PB ieee/std_logic_1164 1381692176
AR work/XULY_MOD/Behavioral 1681358715 \
      FL C:/.Xilinx/BAI_621_DONG_HO_GPG_LCD_NN_BELL_DHT1/XULY_MOD.vhd \
      EN work/XULY_MOD 1681358714 CP work/DEBOUNCE_BTN CP work/LAM_HEP_XUNG \
      CP work/DEM_2BIT
