EN giaima_38 NULL /home/ise/BT_ISE_XILINX/bai_305_giaima_38_es/giaima_38.vhd sub00/vhpl00 1676247949
AR giaima_38 behavioral /home/ise/BT_ISE_XILINX/bai_305_giaima_38_es/giaima_38.vhd sub00/vhpl01 1676247950
AR giaima_38_es behavioral /home/ise/BT_ISE_XILINX/bai_305_giaima_38_es/giaima_38_es.vhd sub00/vhpl03 1676247952
EN giaima_38_es NULL /home/ise/BT_ISE_XILINX/bai_305_giaima_38_es/giaima_38_es.vhd sub00/vhpl02 1676247951
