AR bell_bip behavioral /home/ise/BT_ISE_XILINX/BAI_636_ND_DS18B20_HTSTO_TRIAC_SSBD/BELL_BIP.vhd sub00/vhpl11 1684461289
EN nd_ds18b20_htsto_triac_ssbd NULL /home/ise/BT_ISE_XILINX/BAI_636_ND_DS18B20_HTSTO_TRIAC_SSBD/ND_DS18B20_HTSTO_TRIAC_SSBD.vhd sub00/vhpl28 1684461306
EN lcd_giai_ma_so_to NULL /home/ise/BT_ISE_XILINX/BAI_636_ND_DS18B20_HTSTO_TRIAC_SSBD/LCD_GIAI_MA_SO_TO.vhd sub00/vhpl02 1684461278
EN lcd_khoitao_hienthi_so_to NULL /home/ise/BT_ISE_XILINX/BAI_636_ND_DS18B20_HTSTO_TRIAC_SSBD/LCD_KHOITAO_HIENTHI_SO_TO.vhd sub00/vhpl26 1684461304
EN hextobcd_6bit NULL /home/ise/BT_ISE_XILINX/BAI_636_ND_DS18B20_HTSTO_TRIAC_SSBD/HEXTOBCD_6BIT.vhd sub00/vhpl18 1684461296
AR nd_ds18b20_htsto_triac_ssbd behavioral /home/ise/BT_ISE_XILINX/BAI_636_ND_DS18B20_HTSTO_TRIAC_SSBD/ND_DS18B20_HTSTO_TRIAC_SSBD.vhd sub00/vhpl29 1684461307
AR debounce_btn behavioral /home/ise/BT_ISE_XILINX/BAI_636_ND_DS18B20_HTSTO_TRIAC_SSBD/DEBOUNCE_BTN.vhd sub00/vhpl05 1684461283
AR chia_10ena behavioral /home/ise/BT_ISE_XILINX/BAI_636_ND_DS18B20_HTSTO_TRIAC_SSBD/CHIA_10ENA.vhd sub00/vhpl15 1684461293
AR lam_hep_xung behavioral /home/ise/BT_ISE_XILINX/BAI_636_ND_DS18B20_HTSTO_TRIAC_SSBD/LAM_HEP_XUNG.vhd sub00/vhpl09 1684461287
AR cai_ghan_ndo_2btn behavioral /home/ise/BT_ISE_XILINX/BAI_636_ND_DS18B20_HTSTO_TRIAC_SSBD/CAI_GHAN_NDO_2BTN.vhd sub00/vhpl17 1684461295
AR lcd_giai_ma_so_to behavioral /home/ise/BT_ISE_XILINX/BAI_636_ND_DS18B20_HTSTO_TRIAC_SSBD/LCD_GIAI_MA_SO_TO.vhd sub00/vhpl03 1684461279
EN debounce_btn NULL /home/ise/BT_ISE_XILINX/BAI_636_ND_DS18B20_HTSTO_TRIAC_SSBD/DEBOUNCE_BTN.vhd sub00/vhpl04 1684461282
EN hextobcd_8bit NULL /home/ise/BT_ISE_XILINX/BAI_636_ND_DS18B20_HTSTO_TRIAC_SSBD/HEXTOBCD_8BIT.vhd sub00/vhpl22 1684461300
EN ds18b20_control NULL /home/ise/BT_ISE_XILINX/BAI_636_ND_DS18B20_HTSTO_TRIAC_SSBD/DS_18B20_CONTROL.vhd sub00/vhpl20 1684461298
EN bell_bip NULL /home/ise/BT_ISE_XILINX/BAI_636_ND_DS18B20_HTSTO_TRIAC_SSBD/BELL_BIP.vhd sub00/vhpl10 1684461288
AR ds18b20_control behavioral /home/ise/BT_ISE_XILINX/BAI_636_ND_DS18B20_HTSTO_TRIAC_SSBD/DS_18B20_CONTROL.vhd sub00/vhpl21 1684461299
AR hextobcd_8bit behavioral /home/ise/BT_ISE_XILINX/BAI_636_ND_DS18B20_HTSTO_TRIAC_SSBD/HEXTOBCD_8BIT.vhd sub00/vhpl23 1684461301
AR lcd_khoitao_hienthi_so_to behavioral /home/ise/BT_ISE_XILINX/BAI_636_ND_DS18B20_HTSTO_TRIAC_SSBD/LCD_KHOITAO_HIENTHI_SO_TO.vhd sub00/vhpl27 1684461305
AR dem_np_6bit_ud behavioral /home/ise/BT_ISE_XILINX/BAI_636_ND_DS18B20_HTSTO_TRIAC_SSBD/DEM_NP_6BIT_UD.vhd sub00/vhpl07 1684461285
AR dkhien_bell behavioral /home/ise/BT_ISE_XILINX/BAI_636_ND_DS18B20_HTSTO_TRIAC_SSBD/DKHIEN_BELL.vhd sub00/vhpl13 1684461291
EN lcd_gma_sto_gan_dulieu NULL /home/ise/BT_ISE_XILINX/BAI_636_ND_DS18B20_HTSTO_TRIAC_SSBD/LCD_GMA_STO_GAN_DULIEU.vhd sub00/vhpl24 1684461302
AR lcd_gma_sto_gan_dulieu behavioral /home/ise/BT_ISE_XILINX/BAI_636_ND_DS18B20_HTSTO_TRIAC_SSBD/LCD_GMA_STO_GAN_DULIEU.vhd sub00/vhpl25 1684461303
EN cai_ghan_ndo_2btn NULL /home/ise/BT_ISE_XILINX/BAI_636_ND_DS18B20_HTSTO_TRIAC_SSBD/CAI_GHAN_NDO_2BTN.vhd sub00/vhpl16 1684461294
EN lcd_gan_dulieu_4so_to NULL /home/ise/BT_ISE_XILINX/BAI_636_ND_DS18B20_HTSTO_TRIAC_SSBD/LCD_GAN_DULIEU_4SO_TO.vhd sub00/vhpl00 1684461280
EN lam_hep_xung NULL /home/ise/BT_ISE_XILINX/BAI_636_ND_DS18B20_HTSTO_TRIAC_SSBD/LAM_HEP_XUNG.vhd sub00/vhpl08 1684461286
EN dem_np_6bit_ud NULL /home/ise/BT_ISE_XILINX/BAI_636_ND_DS18B20_HTSTO_TRIAC_SSBD/DEM_NP_6BIT_UD.vhd sub00/vhpl06 1684461284
EN dkhien_bell NULL /home/ise/BT_ISE_XILINX/BAI_636_ND_DS18B20_HTSTO_TRIAC_SSBD/DKHIEN_BELL.vhd sub00/vhpl12 1684461290
AR lcd_gan_dulieu_4so_to behavioral /home/ise/BT_ISE_XILINX/BAI_636_ND_DS18B20_HTSTO_TRIAC_SSBD/LCD_GAN_DULIEU_4SO_TO.vhd sub00/vhpl01 1684461281
AR hextobcd_6bit behavioral /home/ise/BT_ISE_XILINX/BAI_636_ND_DS18B20_HTSTO_TRIAC_SSBD/HEXTOBCD_6BIT.vhd sub00/vhpl19 1684461297
EN chia_10ena NULL /home/ise/BT_ISE_XILINX/BAI_636_ND_DS18B20_HTSTO_TRIAC_SSBD/CHIA_10ENA.vhd sub00/vhpl14 1684461292
