EN dem_2bit NULL C:/.Xilinx/BAI_519_DEM_3SO_SS_UD_8TS_XVN_HT7D_4BTN_4TTD/DEM_2BIT.vhd sub00/vhpl14 1678885074
EN xoa_so_0_vn NULL C:/.Xilinx/BAI_519_DEM_3SO_SS_UD_8TS_XVN_HT7D_4BTN_4TTD/XOA_SO_0_VN.vhd sub00/vhpl16 1678885076
EN dem_3bit_ud NULL C:/.Xilinx/BAI_519_DEM_3SO_SS_UD_8TS_XVN_HT7D_4BTN_4TTD/DEM_3BIT_UD.vhd sub00/vhpl37 1678885072
EN dem_2bit_ud NULL C:/.Xilinx/BAI_519_DEM_3SO_SS_UD_8TS_XVN_HT7D_4BTN_4TTD/DEM_2BIT_UD.vhd sub00/vhpl30 1678884117
EN dem_3so_ss_ud_xvn_ht7d_4btn_4ttd NULL C:/.Xilinx/BAI_518_DEM_3SO_SS_UD_XVN_HT7D_4BTN_4TTD/DEM_3SO_SS_UD_XVN_HT7D_4BTN_4TTD.vhd sub00/vhpl28 1678882085
AR debounce_btn behavioral C:/.Xilinx/BAI_519_DEM_3SO_SS_UD_8TS_XVN_HT7D_4BTN_4TTD/DEBOUNCE_BTN.vhd sub00/vhpl01 1678885059
AR chia_10ena behavioral C:/.Xilinx/BAI_519_DEM_3SO_SS_UD_8TS_XVN_HT7D_4BTN_4TTD/CHIA_10ENA.vhd sub00/vhpl19 1678885079
AR lam_hep_xung behavioral C:/.Xilinx/BAI_519_DEM_3SO_SS_UD_8TS_XVN_HT7D_4BTN_4TTD/LAM_HEP_XUNG.vhd sub00/vhpl12 1678885061
EN dem_2bit_up_dw_2btn NULL C:/.Xilinx/BAI_519_DEM_3SO_SS_UD_8TS_XVN_HT7D_4BTN_4TTD/DEM_2BIT_UP_DW_2BTN.vhd sub00/vhpl29 1678884129
AR dem_3bit behavioral C:/.Xilinx/BAI_519_DEM_3SO_SS_UD_8TS_XVN_HT7D_4BTN_4TTD/DEM_3BIT.vhd sub00/vhpl03 1678885063
EN giaima_38h NULL C:/.Xilinx/BAI_519_DEM_3SO_SS_UD_8TS_XVN_HT7D_4BTN_4TTD/GIAIMA_38H.vhd sub00/vhpl06 1678885066
AR dem_3bit_ud behavioral C:/.Xilinx/BAI_519_DEM_3SO_SS_UD_8TS_XVN_HT7D_4BTN_4TTD/DEM_3BIT_UD.vhd sub00/vhpl38 1678885073
EN ht_8tanso NULL C:/.Xilinx/BAI_519_DEM_3SO_SS_UD_8TS_XVN_HT7D_4BTN_4TTD/HT_8TANSO.vhd sub00/vhpl34 1678885080
AR dem_3so_ssud behavioral C:/.Xilinx/BAI_519_DEM_3SO_SS_UD_8TS_XVN_HT7D_4BTN_4TTD/DEM_2SO_SSUD.vhd sub00/vhpl25 1678885087
EN debounce_btn NULL C:/.Xilinx/BAI_519_DEM_3SO_SS_UD_8TS_XVN_HT7D_4BTN_4TTD/DEBOUNCE_BTN.vhd sub00/vhpl00 1678885058
AR giaima_38h behavioral C:/.Xilinx/BAI_519_DEM_3SO_SS_UD_8TS_XVN_HT7D_4BTN_4TTD/GIAIMA_38H.vhd sub00/vhpl07 1678885067
EN dem_3so_ssud NULL C:/.Xilinx/BAI_519_DEM_3SO_SS_UD_8TS_XVN_HT7D_4BTN_4TTD/DEM_2SO_SSUD.vhd sub00/vhpl24 1678885086
AR dem_2bit_up_dw_2btn behavioral C:/.Xilinx/BAI_519_DEM_3SO_SS_UD_8TS_XVN_HT7D_4BTN_4TTD/DEM_2BIT_UP_DW_2BTN.vhd sub00/vhpl32 1678884130
AR xoa_so_0_vn behavioral C:/.Xilinx/BAI_519_DEM_3SO_SS_UD_8TS_XVN_HT7D_4BTN_4TTD/XOA_SO_0_VN.vhd sub00/vhpl17 1678885077
AR gm_ht_8led behavioral C:/.Xilinx/BAI_519_DEM_3SO_SS_UD_8TS_XVN_HT7D_4BTN_4TTD/GM_HT_8LED.vhd sub00/vhpl27 1678885089
AR dem_3bit_up_dw_2btn behavioral C:/.Xilinx/BAI_519_DEM_3SO_SS_UD_8TS_XVN_HT7D_4BTN_4TTD/DEM_3BIT_UP_DW_2BTN.vhd sub00/vhpl40 1678885085
EN dem_3bit_up_dw_2btn NULL C:/.Xilinx/BAI_519_DEM_3SO_SS_UD_8TS_XVN_HT7D_4BTN_4TTD/DEM_3BIT_UP_DW_2BTN.vhd sub00/vhpl39 1678885084
EN ht_4tanso NULL C:/.Xilinx/BAI_518_DEM_3SO_SS_UD_XVN_HT7D_4BTN_4TTD/HT_4TANSO.vhd sub00/vhpl20 1678882075
AR giaima_7doan_ena behavioral C:/.Xilinx/BAI_519_DEM_3SO_SS_UD_8TS_XVN_HT7D_4BTN_4TTD/GIAIMA_7DOAN_ENA.vhd sub00/vhpl09 1678885069
EN dem_3so_ss_ud_8ts_xvn_ht7d_4btn_4ttd NULL C:/.Xilinx/BAI_519_DEM_3SO_SS_UD_8TS_XVN_HT7D_4BTN_4TTD/DEM_3SO_SS_UD_8TS_XVN_HT7D_4BTN_4TTD.vhd sub00/vhpl36 1678885090
AR cd_lam_hep_btn behavioral C:/.Xilinx/BAI_519_DEM_3SO_SS_UD_8TS_XVN_HT7D_4BTN_4TTD/CD_LAM_HEP_BTN.vhd sub00/vhpl13 1678885071
EN gm_ht_8led NULL C:/.Xilinx/BAI_519_DEM_3SO_SS_UD_8TS_XVN_HT7D_4BTN_4TTD/GM_HT_8LED.vhd sub00/vhpl26 1678885088
AR dem_2bit_btn behavioral C:/.Xilinx/BAI_519_DEM_3SO_SS_UD_8TS_XVN_HT7D_4BTN_4TTD/DEM_2BIT_BTN.vhd sub00/vhpl23 1678885083
EN dahop_8kenh NULL C:/.Xilinx/BAI_519_DEM_3SO_SS_UD_8TS_XVN_HT7D_4BTN_4TTD/DAHOP_8KENH.vhd sub00/vhpl04 1678885064
EN giaima_7doan_ena NULL C:/.Xilinx/BAI_519_DEM_3SO_SS_UD_8TS_XVN_HT7D_4BTN_4TTD/GIAIMA_7DOAN_ENA.vhd sub00/vhpl08 1678885068
EN dem_3bit NULL C:/.Xilinx/BAI_519_DEM_3SO_SS_UD_8TS_XVN_HT7D_4BTN_4TTD/DEM_3BIT.vhd sub00/vhpl02 1678885062
AR dem_3so_ss_ud_xvn_ht7d_4btn_4ttd behavioral C:/.Xilinx/BAI_518_DEM_3SO_SS_UD_XVN_HT7D_4BTN_4TTD/DEM_3SO_SS_UD_XVN_HT7D_4BTN_4TTD.vhd sub00/vhpl33 1678882086
EN lam_hep_xung NULL C:/.Xilinx/BAI_519_DEM_3SO_SS_UD_8TS_XVN_HT7D_4BTN_4TTD/LAM_HEP_XUNG.vhd sub00/vhpl11 1678885060
AR dahop_8kenh behavioral C:/.Xilinx/BAI_519_DEM_3SO_SS_UD_8TS_XVN_HT7D_4BTN_4TTD/DAHOP_8KENH.vhd sub00/vhpl05 1678885065
AR ht_4tanso behavioral C:/.Xilinx/BAI_518_DEM_3SO_SS_UD_XVN_HT7D_4BTN_4TTD/HT_4TANSO.vhd sub00/vhpl21 1678882076
AR ht_8tanso behavioral C:/.Xilinx/BAI_519_DEM_3SO_SS_UD_8TS_XVN_HT7D_4BTN_4TTD/HT_8TANSO.vhd sub00/vhpl35 1678885081
AR dem_2bit behavioral C:/.Xilinx/BAI_519_DEM_3SO_SS_UD_8TS_XVN_HT7D_4BTN_4TTD/DEM_2BIT.vhd sub00/vhpl15 1678885075
EN chia_10ena NULL C:/.Xilinx/BAI_519_DEM_3SO_SS_UD_8TS_XVN_HT7D_4BTN_4TTD/CHIA_10ENA.vhd sub00/vhpl18 1678885078
AR dem_3so_ss_ud_8ts_xvn_ht7d_4btn_4ttd behavioral C:/.Xilinx/BAI_519_DEM_3SO_SS_UD_8TS_XVN_HT7D_4BTN_4TTD/DEM_3SO_SS_UD_8TS_XVN_HT7D_4BTN_4TTD.vhd sub00/vhpl41 1678885091
AR dem_2bit_ud behavioral C:/.Xilinx/BAI_519_DEM_3SO_SS_UD_8TS_XVN_HT7D_4BTN_4TTD/DEM_2BIT_UD.vhd sub00/vhpl31 1678884118
EN cd_lam_hep_btn NULL C:/.Xilinx/BAI_519_DEM_3SO_SS_UD_8TS_XVN_HT7D_4BTN_4TTD/CD_LAM_HEP_BTN.vhd sub00/vhpl10 1678885070
EN dem_2bit_btn NULL C:/.Xilinx/BAI_519_DEM_3SO_SS_UD_8TS_XVN_HT7D_4BTN_4TTD/DEM_2BIT_BTN.vhd sub00/vhpl22 1678885082
