V3 98
FL C:/.Xilinx/BAI_518_DEM_3SO_SS_UD_XVN_HT7D_4BTN_4TTD/CD_LAM_HEP_BTN.vhd 2023/02/22.17:07:20 P.20131013
FL C:/.Xilinx/BAI_518_DEM_3SO_SS_UD_XVN_HT7D_4BTN_4TTD/CHIA_10ENA.vhd 2023/03/09.14:16:44 P.20131013
FL C:/.Xilinx/BAI_518_DEM_3SO_SS_UD_XVN_HT7D_4BTN_4TTD/DAHOP_8KENH.vhd 2023/03/09.09:37:27 P.20131013
FL C:/.Xilinx/BAI_518_DEM_3SO_SS_UD_XVN_HT7D_4BTN_4TTD/DEBOUNCE_BTN.vhd 2023/02/22.16:32:31 P.20131013
FL C:/.Xilinx/BAI_518_DEM_3SO_SS_UD_XVN_HT7D_4BTN_4TTD/DEM_2BIT.vhd 2023/02/22.20:18:48 P.20131013
FL C:/.Xilinx/BAI_518_DEM_3SO_SS_UD_XVN_HT7D_4BTN_4TTD/DEM_2BIT_BTN.vhd 2023/02/22.20:18:48 P.20131013
FL C:/.Xilinx/BAI_518_DEM_3SO_SS_UD_XVN_HT7D_4BTN_4TTD/DEM_2BIT_UD.vhd 2023/02/23.09:16:17 P.20131013
FL C:/.Xilinx/BAI_518_DEM_3SO_SS_UD_XVN_HT7D_4BTN_4TTD/DEM_2BIT_UP_DW_2BTN.vhd 2023/02/23.09:13:33 P.20131013
FL C:/.Xilinx/BAI_518_DEM_3SO_SS_UD_XVN_HT7D_4BTN_4TTD/DEM_2SO_SSUD.vhd 2023/03/09.15:25:33 P.20131013
FL C:/.Xilinx/BAI_518_DEM_3SO_SS_UD_XVN_HT7D_4BTN_4TTD/DEM_3BIT.vhd 2023/03/08.22:12:50 P.20131013
FL C:/.Xilinx/BAI_518_DEM_3SO_SS_UD_XVN_HT7D_4BTN_4TTD/DEM_3SO_SS_UD_XVN_HT7D_4BTN_4TTD.vhd 2023/03/15.19:06:29 P.20131013
EN work/DEM_3SO_SS_UD_XVN_HT7D_4BTN_4TTD 1678882085 \
      FL C:/.Xilinx/BAI_518_DEM_3SO_SS_UD_XVN_HT7D_4BTN_4TTD/DEM_3SO_SS_UD_XVN_HT7D_4BTN_4TTD.vhd \
      PB ieee/std_logic_1164 1381692176
AR work/DEM_3SO_SS_UD_XVN_HT7D_4BTN_4TTD/Behavioral 1678882086 \
      FL C:/.Xilinx/BAI_518_DEM_3SO_SS_UD_XVN_HT7D_4BTN_4TTD/DEM_3SO_SS_UD_XVN_HT7D_4BTN_4TTD.vhd \
      EN work/DEM_3SO_SS_UD_XVN_HT7D_4BTN_4TTD 1678882085 CP work/XOA_SO_0_VN \
      CP work/CHIA_10ENA CP work/HT_4TANSO CP work/DEM_2BIT_BTN \
      CP work/DEM_2BIT_UP_DW_2BTN CP work/DEM_3SO_SSUD CP work/GM_HT_8LED
FL C:/.Xilinx/BAI_518_DEM_3SO_SS_UD_XVN_HT7D_4BTN_4TTD/GIAIMA_38H.vhd 2023/03/08.21:48:42 P.20131013
FL C:/.Xilinx/BAI_518_DEM_3SO_SS_UD_XVN_HT7D_4BTN_4TTD/GIAIMA_7DOAN_ENA.vhd 2023/03/09.09:07:59 P.20131013
FL C:/.Xilinx/BAI_518_DEM_3SO_SS_UD_XVN_HT7D_4BTN_4TTD/GM_HT_8LED.vhd 2023/03/09.09:40:06 P.20131013
FL C:/.Xilinx/BAI_518_DEM_3SO_SS_UD_XVN_HT7D_4BTN_4TTD/HT_4TANSO.vhd 2023/03/09.15:54:15 P.20131013
EN work/HT_4TANSO 1678882075 \
      FL C:/.Xilinx/BAI_518_DEM_3SO_SS_UD_XVN_HT7D_4BTN_4TTD/HT_4TANSO.vhd \
      PB ieee/std_logic_1164 1381692176
AR work/HT_4TANSO/Behavioral 1678882076 \
      FL C:/.Xilinx/BAI_518_DEM_3SO_SS_UD_XVN_HT7D_4BTN_4TTD/HT_4TANSO.vhd \
      EN work/HT_4TANSO 1678882075
FL C:/.Xilinx/BAI_518_DEM_3SO_SS_UD_XVN_HT7D_4BTN_4TTD/LAM_HEP_XUNG.vhd 2023/02/22.16:38:15 P.20131013
FL C:/.Xilinx/BAI_518_DEM_3SO_SS_UD_XVN_HT7D_4BTN_4TTD/XOA_SO_0_VN.vhd 2023/03/09.14:30:05 P.20131013
FL C:/.Xilinx/BAI_519_DEM_3SO_SS_UD_8TS_XVN_HT7D_4BTN_4TTD/CD_LAM_HEP_BTN.vhd 2023/02/22.17:07:20 P.20131013
EN work/CD_LAM_HEP_BTN 1678885070 \
      FL C:/.Xilinx/BAI_519_DEM_3SO_SS_UD_8TS_XVN_HT7D_4BTN_4TTD/CD_LAM_HEP_BTN.vhd \
      PB ieee/std_logic_1164 1381692176
AR work/CD_LAM_HEP_BTN/Behavioral 1678885071 \
      FL C:/.Xilinx/BAI_519_DEM_3SO_SS_UD_8TS_XVN_HT7D_4BTN_4TTD/CD_LAM_HEP_BTN.vhd \
      EN work/CD_LAM_HEP_BTN 1678885070 CP work/DEBOUNCE_BTN CP work/LAM_HEP_XUNG
FL C:/.Xilinx/BAI_519_DEM_3SO_SS_UD_8TS_XVN_HT7D_4BTN_4TTD/CHIA_10ENA.vhd 2023/03/15.19:40:47 P.20131013
EN work/CHIA_10ENA 1678885078 \
      FL C:/.Xilinx/BAI_519_DEM_3SO_SS_UD_8TS_XVN_HT7D_4BTN_4TTD/CHIA_10ENA.vhd \
      PB ieee/std_logic_1164 1381692176
AR work/CHIA_10ENA/Behavioral 1678885079 \
      FL C:/.Xilinx/BAI_519_DEM_3SO_SS_UD_8TS_XVN_HT7D_4BTN_4TTD/CHIA_10ENA.vhd \
      EN work/CHIA_10ENA 1678885078
FL C:/.Xilinx/BAI_519_DEM_3SO_SS_UD_8TS_XVN_HT7D_4BTN_4TTD/DAHOP_8KENH.vhd 2023/03/09.09:37:27 P.20131013
EN work/DAHOP_8KENH 1678885064 \
      FL C:/.Xilinx/BAI_519_DEM_3SO_SS_UD_8TS_XVN_HT7D_4BTN_4TTD/DAHOP_8KENH.vhd \
      PB ieee/std_logic_1164 1381692176
AR work/DAHOP_8KENH/Behavioral 1678885065 \
      FL C:/.Xilinx/BAI_519_DEM_3SO_SS_UD_8TS_XVN_HT7D_4BTN_4TTD/DAHOP_8KENH.vhd \
      EN work/DAHOP_8KENH 1678885064
FL C:/.Xilinx/BAI_519_DEM_3SO_SS_UD_8TS_XVN_HT7D_4BTN_4TTD/DEBOUNCE_BTN.vhd 2023/02/22.16:32:31 P.20131013
EN work/DEBOUNCE_BTN 1678885058 \
      FL C:/.Xilinx/BAI_519_DEM_3SO_SS_UD_8TS_XVN_HT7D_4BTN_4TTD/DEBOUNCE_BTN.vhd \
      PB ieee/std_logic_1164 1381692176 PB ieee/NUMERIC_STD 1381692181 \
      PB ieee/std_logic_arith 1381692177 PB ieee/STD_LOGIC_UNSIGNED 1381692179
AR work/DEBOUNCE_BTN/Behavioral 1678885059 \
      FL C:/.Xilinx/BAI_519_DEM_3SO_SS_UD_8TS_XVN_HT7D_4BTN_4TTD/DEBOUNCE_BTN.vhd \
      EN work/DEBOUNCE_BTN 1678885058
FL C:/.Xilinx/BAI_519_DEM_3SO_SS_UD_8TS_XVN_HT7D_4BTN_4TTD/DEM_2BIT.vhd 2023/02/22.20:18:48 P.20131013
EN work/DEM_2BIT 1678885074 \
      FL C:/.Xilinx/BAI_519_DEM_3SO_SS_UD_8TS_XVN_HT7D_4BTN_4TTD/DEM_2BIT.vhd \
      PB ieee/std_logic_1164 1381692176 PB ieee/NUMERIC_STD 1381692181 \
      PB ieee/STD_LOGIC_UNSIGNED 1381692179
AR work/DEM_2BIT/Behavioral 1678885075 \
      FL C:/.Xilinx/BAI_519_DEM_3SO_SS_UD_8TS_XVN_HT7D_4BTN_4TTD/DEM_2BIT.vhd \
      EN work/DEM_2BIT 1678885074
FL C:/.Xilinx/BAI_519_DEM_3SO_SS_UD_8TS_XVN_HT7D_4BTN_4TTD/DEM_2BIT_BTN.vhd 2023/02/22.20:18:48 P.20131013
EN work/DEM_2BIT_BTN 1678885082 \
      FL C:/.Xilinx/BAI_519_DEM_3SO_SS_UD_8TS_XVN_HT7D_4BTN_4TTD/DEM_2BIT_BTN.vhd \
      PB ieee/std_logic_1164 1381692176
AR work/DEM_2BIT_BTN/Behavioral 1678885083 \
      FL C:/.Xilinx/BAI_519_DEM_3SO_SS_UD_8TS_XVN_HT7D_4BTN_4TTD/DEM_2BIT_BTN.vhd \
      EN work/DEM_2BIT_BTN 1678885082 CP work/CD_LAM_HEP_BTN CP work/DEM_2BIT
FL C:/.Xilinx/BAI_519_DEM_3SO_SS_UD_8TS_XVN_HT7D_4BTN_4TTD/DEM_2BIT_UD.vhd 2023/02/23.09:16:17 P.20131013
EN work/DEM_2BIT_UD 1678884117 \
      FL C:/.Xilinx/BAI_519_DEM_3SO_SS_UD_8TS_XVN_HT7D_4BTN_4TTD/DEM_2BIT_UD.vhd \
      PB ieee/std_logic_1164 1381692176 PB ieee/NUMERIC_STD 1381692181 \
      PB ieee/STD_LOGIC_UNSIGNED 1381692179
AR work/DEM_2BIT_UD/Behavioral 1678884118 \
      FL C:/.Xilinx/BAI_519_DEM_3SO_SS_UD_8TS_XVN_HT7D_4BTN_4TTD/DEM_2BIT_UD.vhd \
      EN work/DEM_2BIT_UD 1678884117
FL C:/.Xilinx/BAI_519_DEM_3SO_SS_UD_8TS_XVN_HT7D_4BTN_4TTD/DEM_2BIT_UP_DW_2BTN.vhd 2023/02/23.09:13:33 P.20131013
EN work/DEM_2BIT_UP_DW_2BTN 1678884129 \
      FL C:/.Xilinx/BAI_519_DEM_3SO_SS_UD_8TS_XVN_HT7D_4BTN_4TTD/DEM_2BIT_UP_DW_2BTN.vhd \
      PB ieee/std_logic_1164 1381692176
AR work/DEM_2BIT_UP_DW_2BTN/Behavioral 1678884130 \
      FL C:/.Xilinx/BAI_519_DEM_3SO_SS_UD_8TS_XVN_HT7D_4BTN_4TTD/DEM_2BIT_UP_DW_2BTN.vhd \
      EN work/DEM_2BIT_UP_DW_2BTN 1678884129 CP work/CD_LAM_HEP_BTN \
      CP work/DEM_2BIT_UD
FL C:/.Xilinx/BAI_519_DEM_3SO_SS_UD_8TS_XVN_HT7D_4BTN_4TTD/DEM_2SO_SSUD.vhd 2023/03/09.15:25:33 P.20131013
EN work/DEM_3SO_SSUD 1678885086 \
      FL C:/.Xilinx/BAI_519_DEM_3SO_SS_UD_8TS_XVN_HT7D_4BTN_4TTD/DEM_2SO_SSUD.vhd \
      PB ieee/std_logic_1164 1381692176 PB ieee/NUMERIC_STD 1381692181 \
      PB ieee/STD_LOGIC_UNSIGNED 1381692179
AR work/DEM_3SO_SSUD/Behavioral 1678885087 \
      FL C:/.Xilinx/BAI_519_DEM_3SO_SS_UD_8TS_XVN_HT7D_4BTN_4TTD/DEM_2SO_SSUD.vhd \
      EN work/DEM_3SO_SSUD 1678885086
FL C:/.Xilinx/BAI_519_DEM_3SO_SS_UD_8TS_XVN_HT7D_4BTN_4TTD/DEM_3BIT.vhd 2023/03/08.22:12:50 P.20131013
EN work/DEM_3BIT 1678885062 \
      FL C:/.Xilinx/BAI_519_DEM_3SO_SS_UD_8TS_XVN_HT7D_4BTN_4TTD/DEM_3BIT.vhd \
      PB ieee/std_logic_1164 1381692176 PB ieee/NUMERIC_STD 1381692181 \
      PB ieee/STD_LOGIC_UNSIGNED 1381692179
AR work/DEM_3BIT/Behavioral 1678885063 \
      FL C:/.Xilinx/BAI_519_DEM_3SO_SS_UD_8TS_XVN_HT7D_4BTN_4TTD/DEM_3BIT.vhd \
      EN work/DEM_3BIT 1678885062
FL C:/.Xilinx/BAI_519_DEM_3SO_SS_UD_8TS_XVN_HT7D_4BTN_4TTD/DEM_3BIT_UD.vhd 2023/02/23.09:22:44 P.20131013
EN work/DEM_3BIT_UD 1678885072 \
      FL C:/.Xilinx/BAI_519_DEM_3SO_SS_UD_8TS_XVN_HT7D_4BTN_4TTD/DEM_3BIT_UD.vhd \
      PB ieee/std_logic_1164 1381692176 PB ieee/NUMERIC_STD 1381692181 \
      PB ieee/STD_LOGIC_UNSIGNED 1381692179
AR work/DEM_3BIT_UD/Behavioral 1678885073 \
      FL C:/.Xilinx/BAI_519_DEM_3SO_SS_UD_8TS_XVN_HT7D_4BTN_4TTD/DEM_3BIT_UD.vhd \
      EN work/DEM_3BIT_UD 1678885072
FL C:/.Xilinx/BAI_519_DEM_3SO_SS_UD_8TS_XVN_HT7D_4BTN_4TTD/DEM_3BIT_UP_DW_2BTN.vhd 2023/02/23.09:22:25 P.20131013
EN work/DEM_3BIT_UP_DW_2BTN 1678885084 \
      FL C:/.Xilinx/BAI_519_DEM_3SO_SS_UD_8TS_XVN_HT7D_4BTN_4TTD/DEM_3BIT_UP_DW_2BTN.vhd \
      PB ieee/std_logic_1164 1381692176
AR work/DEM_3BIT_UP_DW_2BTN/Behavioral 1678885085 \
      FL C:/.Xilinx/BAI_519_DEM_3SO_SS_UD_8TS_XVN_HT7D_4BTN_4TTD/DEM_3BIT_UP_DW_2BTN.vhd \
      EN work/DEM_3BIT_UP_DW_2BTN 1678885084 CP work/CD_LAM_HEP_BTN \
      CP work/DEM_3BIT_UD
FL C:/.Xilinx/BAI_519_DEM_3SO_SS_UD_8TS_XVN_HT7D_4BTN_4TTD/DEM_3SO_SS_UD_8TS_XVN_HT7D_4BTN_4TTD.vhd 2023/03/15.19:57:36 P.20131013
EN work/DEM_3SO_SS_UD_8TS_XVN_HT7D_4BTN_4TTD 1678885090 \
      FL C:/.Xilinx/BAI_519_DEM_3SO_SS_UD_8TS_XVN_HT7D_4BTN_4TTD/DEM_3SO_SS_UD_8TS_XVN_HT7D_4BTN_4TTD.vhd \
      PB ieee/std_logic_1164 1381692176
AR work/DEM_3SO_SS_UD_8TS_XVN_HT7D_4BTN_4TTD/Behavioral 1678885091 \
      FL C:/.Xilinx/BAI_519_DEM_3SO_SS_UD_8TS_XVN_HT7D_4BTN_4TTD/DEM_3SO_SS_UD_8TS_XVN_HT7D_4BTN_4TTD.vhd \
      EN work/DEM_3SO_SS_UD_8TS_XVN_HT7D_4BTN_4TTD 1678885090 CP work/XOA_SO_0_VN \
      CP work/CHIA_10ENA CP work/HT_8TANSO CP work/DEM_2BIT_BTN \
      CP work/DEM_3BIT_UP_DW_2BTN CP work/DEM_3SO_SSUD CP work/GM_HT_8LED
FL C:/.Xilinx/BAI_519_DEM_3SO_SS_UD_8TS_XVN_HT7D_4BTN_4TTD/GIAIMA_38H.vhd 2023/03/08.21:48:42 P.20131013
EN work/GIAIMA_38H 1678885066 \
      FL C:/.Xilinx/BAI_519_DEM_3SO_SS_UD_8TS_XVN_HT7D_4BTN_4TTD/GIAIMA_38H.vhd \
      PB ieee/std_logic_1164 1381692176
AR work/GIAIMA_38H/Behavioral 1678885067 \
      FL C:/.Xilinx/BAI_519_DEM_3SO_SS_UD_8TS_XVN_HT7D_4BTN_4TTD/GIAIMA_38H.vhd \
      EN work/GIAIMA_38H 1678885066
FL C:/.Xilinx/BAI_519_DEM_3SO_SS_UD_8TS_XVN_HT7D_4BTN_4TTD/GIAIMA_7DOAN_ENA.vhd 2023/03/09.09:07:59 P.20131013
EN work/GIAIMA_7DOAN_ENA 1678885068 \
      FL C:/.Xilinx/BAI_519_DEM_3SO_SS_UD_8TS_XVN_HT7D_4BTN_4TTD/GIAIMA_7DOAN_ENA.vhd \
      PB ieee/std_logic_1164 1381692176
AR work/GIAIMA_7DOAN_ENA/Behavioral 1678885069 \
      FL C:/.Xilinx/BAI_519_DEM_3SO_SS_UD_8TS_XVN_HT7D_4BTN_4TTD/GIAIMA_7DOAN_ENA.vhd \
      EN work/GIAIMA_7DOAN_ENA 1678885068
FL C:/.Xilinx/BAI_519_DEM_3SO_SS_UD_8TS_XVN_HT7D_4BTN_4TTD/GM_HT_8LED.vhd 2023/03/09.09:40:06 P.20131013
EN work/GM_HT_8LED 1678885088 \
      FL C:/.Xilinx/BAI_519_DEM_3SO_SS_UD_8TS_XVN_HT7D_4BTN_4TTD/GM_HT_8LED.vhd \
      PB ieee/std_logic_1164 1381692176
AR work/GM_HT_8LED/Behavioral 1678885089 \
      FL C:/.Xilinx/BAI_519_DEM_3SO_SS_UD_8TS_XVN_HT7D_4BTN_4TTD/GM_HT_8LED.vhd \
      EN work/GM_HT_8LED 1678885088 CP work/DEM_3BIT CP work/DAHOP_8KENH \
      CP work/GIAIMA_38H CP work/GIAIMA_7DOAN_ENA
FL C:/.Xilinx/BAI_519_DEM_3SO_SS_UD_8TS_XVN_HT7D_4BTN_4TTD/HT_4TANSO.vhd 2023/03/15.19:39:32 P.20131013
FL C:/.Xilinx/BAI_519_DEM_3SO_SS_UD_8TS_XVN_HT7D_4BTN_4TTD/HT_8TANSO.vhd 2023/03/15.19:39:32 P.20131013
EN work/HT_8TANSO 1678885080 \
      FL C:/.Xilinx/BAI_519_DEM_3SO_SS_UD_8TS_XVN_HT7D_4BTN_4TTD/HT_8TANSO.vhd \
      PB ieee/std_logic_1164 1381692176
AR work/HT_8TANSO/Behavioral 1678885081 \
      FL C:/.Xilinx/BAI_519_DEM_3SO_SS_UD_8TS_XVN_HT7D_4BTN_4TTD/HT_8TANSO.vhd \
      EN work/HT_8TANSO 1678885080
FL C:/.Xilinx/BAI_519_DEM_3SO_SS_UD_8TS_XVN_HT7D_4BTN_4TTD/LAM_HEP_XUNG.vhd 2023/02/22.16:38:15 P.20131013
EN work/LAM_HEP_XUNG 1678885060 \
      FL C:/.Xilinx/BAI_519_DEM_3SO_SS_UD_8TS_XVN_HT7D_4BTN_4TTD/LAM_HEP_XUNG.vhd \
      PB ieee/std_logic_1164 1381692176
AR work/LAM_HEP_XUNG/Behavioral 1678885061 \
      FL C:/.Xilinx/BAI_519_DEM_3SO_SS_UD_8TS_XVN_HT7D_4BTN_4TTD/LAM_HEP_XUNG.vhd \
      EN work/LAM_HEP_XUNG 1678885060
FL C:/.Xilinx/BAI_519_DEM_3SO_SS_UD_8TS_XVN_HT7D_4BTN_4TTD/XOA_SO_0_VN.vhd 2023/03/09.14:30:05 P.20131013
EN work/XOA_SO_0_VN 1678885076 \
      FL C:/.Xilinx/BAI_519_DEM_3SO_SS_UD_8TS_XVN_HT7D_4BTN_4TTD/XOA_SO_0_VN.vhd \
      PB ieee/std_logic_1164 1381692176
AR work/XOA_SO_0_VN/Behavioral 1678885077 \
      FL C:/.Xilinx/BAI_519_DEM_3SO_SS_UD_8TS_XVN_HT7D_4BTN_4TTD/XOA_SO_0_VN.vhd \
      EN work/XOA_SO_0_VN 1678885076
