EN dem_2bit NULL C:/.Xilinx/BAI_518_DEM_3SO_SS_UD_XVN_HT7D_4BTN_4TTD/DEM_2BIT.vhd sub00/vhpl14 1680146401
EN xoa_so_0_vn NULL C:/.Xilinx/BAI_518_DEM_3SO_SS_UD_XVN_HT7D_4BTN_4TTD/XOA_SO_0_VN.vhd sub00/vhpl16 1680146403
EN dem_2bit_ud NULL C:/.Xilinx/BAI_518_DEM_3SO_SS_UD_XVN_HT7D_4BTN_4TTD/DEM_2BIT_UD.vhd sub00/vhpl30 1680146399
EN dem_3so_ss_ud_xvn_ht7d_4btn_4ttd NULL C:/.Xilinx/BAI_518_DEM_3SO_SS_UD_XVN_HT7D_4BTN_4TTD/DEM_3SO_SS_UD_XVN_HT7D_4BTN_4TTD.vhd sub00/vhpl28 1680146417
AR debounce_btn behavioral C:/.Xilinx/BAI_518_DEM_3SO_SS_UD_XVN_HT7D_4BTN_4TTD/DEBOUNCE_BTN.vhd sub00/vhpl01 1680146386
AR chia_10ena behavioral C:/.Xilinx/BAI_518_DEM_3SO_SS_UD_XVN_HT7D_4BTN_4TTD/CHIA_10ENA.vhd sub00/vhpl19 1680146406
AR lam_hep_xung behavioral C:/.Xilinx/BAI_518_DEM_3SO_SS_UD_XVN_HT7D_4BTN_4TTD/LAM_HEP_XUNG.vhd sub00/vhpl12 1680146388
EN dem_2bit_up_dw_2btn NULL C:/.Xilinx/BAI_518_DEM_3SO_SS_UD_XVN_HT7D_4BTN_4TTD/DEM_2BIT_UP_DW_2BTN.vhd sub00/vhpl29 1680146411
AR dem_3bit behavioral C:/.Xilinx/BAI_518_DEM_3SO_SS_UD_XVN_HT7D_4BTN_4TTD/DEM_3BIT.vhd sub00/vhpl03 1680146390
EN giaima_38h NULL C:/.Xilinx/BAI_518_DEM_3SO_SS_UD_XVN_HT7D_4BTN_4TTD/GIAIMA_38H.vhd sub00/vhpl06 1680146393
AR dem_3so_ssud behavioral C:/.Xilinx/BAI_518_DEM_3SO_SS_UD_XVN_HT7D_4BTN_4TTD/DEM_2SO_SSUD.vhd sub00/vhpl25 1680146414
EN debounce_btn NULL C:/.Xilinx/BAI_518_DEM_3SO_SS_UD_XVN_HT7D_4BTN_4TTD/DEBOUNCE_BTN.vhd sub00/vhpl00 1680146385
AR giaima_38h behavioral C:/.Xilinx/BAI_518_DEM_3SO_SS_UD_XVN_HT7D_4BTN_4TTD/GIAIMA_38H.vhd sub00/vhpl07 1680146394
EN dem_3so_ssud NULL C:/.Xilinx/BAI_518_DEM_3SO_SS_UD_XVN_HT7D_4BTN_4TTD/DEM_2SO_SSUD.vhd sub00/vhpl24 1680146413
AR dem_2bit_up_dw_2btn behavioral C:/.Xilinx/BAI_518_DEM_3SO_SS_UD_XVN_HT7D_4BTN_4TTD/DEM_2BIT_UP_DW_2BTN.vhd sub00/vhpl32 1680146412
AR xoa_so_0_vn behavioral C:/.Xilinx/BAI_518_DEM_3SO_SS_UD_XVN_HT7D_4BTN_4TTD/XOA_SO_0_VN.vhd sub00/vhpl17 1680146404
AR gm_ht_8led behavioral C:/.Xilinx/BAI_518_DEM_3SO_SS_UD_XVN_HT7D_4BTN_4TTD/GM_HT_8LED.vhd sub00/vhpl27 1680146416
EN ht_4tanso NULL C:/.Xilinx/BAI_518_DEM_3SO_SS_UD_XVN_HT7D_4BTN_4TTD/HT_4TANSO.vhd sub00/vhpl20 1680146407
AR giaima_7doan_ena behavioral C:/.Xilinx/BAI_518_DEM_3SO_SS_UD_XVN_HT7D_4BTN_4TTD/GIAIMA_7DOAN_ENA.vhd sub00/vhpl09 1680146396
AR cd_lam_hep_btn behavioral C:/.Xilinx/BAI_518_DEM_3SO_SS_UD_XVN_HT7D_4BTN_4TTD/CD_LAM_HEP_BTN.vhd sub00/vhpl13 1680146398
EN gm_ht_8led NULL C:/.Xilinx/BAI_518_DEM_3SO_SS_UD_XVN_HT7D_4BTN_4TTD/GM_HT_8LED.vhd sub00/vhpl26 1680146415
AR dem_2bit_btn behavioral C:/.Xilinx/BAI_518_DEM_3SO_SS_UD_XVN_HT7D_4BTN_4TTD/DEM_2BIT_BTN.vhd sub00/vhpl23 1680146410
EN dahop_8kenh NULL C:/.Xilinx/BAI_518_DEM_3SO_SS_UD_XVN_HT7D_4BTN_4TTD/DAHOP_8KENH.vhd sub00/vhpl04 1680146391
EN giaima_7doan_ena NULL C:/.Xilinx/BAI_518_DEM_3SO_SS_UD_XVN_HT7D_4BTN_4TTD/GIAIMA_7DOAN_ENA.vhd sub00/vhpl08 1680146395
EN dem_3bit NULL C:/.Xilinx/BAI_518_DEM_3SO_SS_UD_XVN_HT7D_4BTN_4TTD/DEM_3BIT.vhd sub00/vhpl02 1680146389
AR dem_3so_ss_ud_xvn_ht7d_4btn_4ttd behavioral C:/.Xilinx/BAI_518_DEM_3SO_SS_UD_XVN_HT7D_4BTN_4TTD/DEM_3SO_SS_UD_XVN_HT7D_4BTN_4TTD.vhd sub00/vhpl33 1680146418
EN lam_hep_xung NULL C:/.Xilinx/BAI_518_DEM_3SO_SS_UD_XVN_HT7D_4BTN_4TTD/LAM_HEP_XUNG.vhd sub00/vhpl11 1680146387
AR dahop_8kenh behavioral C:/.Xilinx/BAI_518_DEM_3SO_SS_UD_XVN_HT7D_4BTN_4TTD/DAHOP_8KENH.vhd sub00/vhpl05 1680146392
AR ht_4tanso behavioral C:/.Xilinx/BAI_518_DEM_3SO_SS_UD_XVN_HT7D_4BTN_4TTD/HT_4TANSO.vhd sub00/vhpl21 1680146408
AR dem_2bit behavioral C:/.Xilinx/BAI_518_DEM_3SO_SS_UD_XVN_HT7D_4BTN_4TTD/DEM_2BIT.vhd sub00/vhpl15 1680146402
EN chia_10ena NULL C:/.Xilinx/BAI_518_DEM_3SO_SS_UD_XVN_HT7D_4BTN_4TTD/CHIA_10ENA.vhd sub00/vhpl18 1680146405
AR dem_2bit_ud behavioral C:/.Xilinx/BAI_518_DEM_3SO_SS_UD_XVN_HT7D_4BTN_4TTD/DEM_2BIT_UD.vhd sub00/vhpl31 1680146400
EN cd_lam_hep_btn NULL C:/.Xilinx/BAI_518_DEM_3SO_SS_UD_XVN_HT7D_4BTN_4TTD/CD_LAM_HEP_BTN.vhd sub00/vhpl10 1680146397
EN dem_2bit_btn NULL C:/.Xilinx/BAI_518_DEM_3SO_SS_UD_XVN_HT7D_4BTN_4TTD/DEM_2BIT_BTN.vhd sub00/vhpl22 1680146409
